Copyright 1986-2021 Xilinx, Inc. All Rights Reserved.
---------------------------------------------------------------------------------------------------------------------------------------------
| Tool Version : Vivado v.2021.1 (win64) Build 3247384 Thu Jun 10 19:36:33 MDT 2021
| Date         : Sat Aug 22 22:51:24 2026
| Host         : DESKTOP-IO47298 running 64-bit major release  (build 9200)
| Command      : report_drc -file C:/project/FPGA3/engrenring/synth_1g/board/output/ece78ce_uart_rsp_175_resetqual4_audit_v8a/drc_routed.rpt
| Design       : arty_a7_100t_aes_gcm_uart_rsp_top
| Device       : xc7a100tcsg324-1
| Speed File   : -1
| Design State : Fully Routed
---------------------------------------------------------------------------------------------------------------------------------------------

Report DRC

Table of Contents
-----------------
1. REPORT SUMMARY
2. REPORT DETAILS

1. REPORT SUMMARY
-----------------
            Netlist: netlist
          Floorplan: checkpoint_arty_a7_100t_aes_gcm_uart_rsp_top_routed
      Design limits: <entire design considered>
           Ruledeck: default
             Max violations: <unlimited>
             Violations found: 0
+------+----------+-------------+------------+
| Rule | Severity | Description | Violations |
+------+----------+-------------+------------+
+------+----------+-------------+------------+

2. REPORT DETAILS
-----------------

