Copyright 1986-2021 Xilinx, Inc. All Rights Reserved.
-----------------------------------------------------------------------------------------------------------------------------------------------------------------------
| Tool Version : Vivado v.2021.1 (win64) Build 3247384 Thu Jun 10 19:36:33 MDT 2021
| Date         : Sat Aug 22 23:20:00 2026
| Host         : DESKTOP-IO47298 running 64-bit major release  (build 9200)
| Command      : report_exceptions -coverage -file C:/project/FPGA3/engrenring/synth_1g/board/output/ece78ce_uart_rsp_175_resetqual4_audit_v8c/exceptions_coverage.rpt
| Design       : arty_a7_100t_aes_gcm_uart_rsp_top
| Device       : 7a100t-csg324
| Speed File   : -1  PRODUCTION 1.23 2018-06-13
-----------------------------------------------------------------------------------------------------------------------------------------------------------------------

Exceptions Report

Position  Type        Setup  Hold   From     Through  To       Endpoints  From (%)  Through (%)  To (%)
--------  ----------  -----  -----  -------  -------  -------  ---------  --------  -----------  ------
2         False Path  false  false  2 ports                    2          100.00                  
3         False Path  false  false                    5 ports  5                                 100.00

