Copyright 1986-2021 Xilinx, Inc. All Rights Reserved.
-------------------------------------------------------------------------------------------------------------------------------------------------------------------------------------
| Tool Version : Vivado v.2021.1 (win64) Build 3247384 Thu Jun 10 19:36:33 MDT 2021
| Date         : Sat Aug 22 23:19:52 2026
| Host         : DESKTOP-IO47298 running 64-bit major release  (build 9200)
| Command      : report_methodology -name audit_methodology -file C:/project/FPGA3/engrenring/synth_1g/board/output/ece78ce_uart_rsp_175_resetqual4_audit_v8c/methodology_routed.rpt
| Design       : arty_a7_100t_aes_gcm_uart_rsp_top
| Device       : xc7a100tcsg324-1
| Speed File   : -1
| Design State : Fully Routed
-------------------------------------------------------------------------------------------------------------------------------------------------------------------------------------

Report Methodology

Table of Contents
-----------------
1. REPORT SUMMARY
2. REPORT DETAILS

1. REPORT SUMMARY
-----------------
            Netlist: netlist
          Floorplan: checkpoint_arty_a7_100t_aes_gcm_uart_rsp_top_routed
      Design limits: <entire design considered>
             Max violations: <unlimited>
             Violations found: 2
+---------+----------+--------------------------------------------+------------+
| Rule    | Severity | Description                                | Violations |
+---------+----------+--------------------------------------------+------------+
| SYNTH-6 | Warning  | Timing of a RAM block might be sub-optimal | 2          |
+---------+----------+--------------------------------------------+------------+

2. REPORT DETAILS
-----------------
SYNTH-6#1 Warning
Timing of a RAM block might be sub-optimal  
The timing for the instance u_aes_gcm/u_core/u_key_context/u_key_sbox1/GEN_REGISTERED_OUTPUT.co_r_reg, implemented as a RAM block, might be sub-optimal as no output register was merged into the block.
Related violations: <none>

SYNTH-6#2 Warning
Timing of a RAM block might be sub-optimal  
The timing for the instance u_aes_gcm/u_core/u_key_context/u_key_sbox3/GEN_REGISTERED_OUTPUT.co_r_reg, implemented as a RAM block, might be sub-optimal as no output register was merged into the block.
Related violations: <none>


