Copyright 1986-2021 Xilinx, Inc. All Rights Reserved.
------------------------------------------------------------------------------------------------------------------------------------------------------------------------
| Tool Version     : Vivado v.2021.1 (win64) Build 3247384 Thu Jun 10 19:36:33 MDT 2021
| Date             : Sat Aug 22 23:20:07 2026
| Host             : DESKTOP-IO47298 running 64-bit major release  (build 9200)
| Command          : report_power -file C:/project/FPGA3/engrenring/synth_1g/board/output/ece78ce_uart_rsp_175_resetqual4_audit_v8c/power_vectorless_routed.rpt
| Design           : arty_a7_100t_aes_gcm_uart_rsp_top
| Device           : xc7a100tcsg324-1
| Design State     : routed
| Grade            : commercial
| Process          : typical
| Characterization : Production
------------------------------------------------------------------------------------------------------------------------------------------------------------------------

Power Report

Table of Contents
-----------------
1. Summary
1.1 On-Chip Components
1.2 Power Supply Summary
1.3 Confidence Level
2. Settings
2.1 Environment
2.2 Clock Constraints
3. Detailed Reports
3.1 By Hierarchy

1. Summary
----------

+--------------------------+--------------+
| Total On-Chip Power (W)  | 0.461        |
| Design Power Budget (W)  | Unspecified* |
| Power Budget Margin (W)  | NA           |
| Dynamic (W)              | 0.363        |
| Device Static (W)        | 0.099        |
| Effective TJA (C/W)      | 4.6          |
| Max Ambient (C)          | 82.9         |
| Junction Temperature (C) | 27.1         |
| Confidence Level         | Medium       |
| Setting File             | ---          |
| Simulation Activity File | ---          |
| Design Nets Matched      | NA           |
+--------------------------+--------------+
* Specify Design Power Budget using, set_operating_conditions -design_power_budget <value in Watts>


1.1 On-Chip Components
----------------------

+--------------------------+-----------+----------+-----------+-----------------+
| On-Chip                  | Power (W) | Used     | Available | Utilization (%) |
+--------------------------+-----------+----------+-----------+-----------------+
| Clocks                   |     0.041 |        5 |       --- |             --- |
| Slice Logic              |     0.078 |    24767 |       --- |             --- |
|   LUT as Logic           |     0.072 |    11333 |     63400 |           17.88 |
|   LUT as Distributed RAM |     0.002 |     1078 |     19000 |            5.67 |
|   Register               |     0.002 |     9029 |    126800 |            7.12 |
|   F7/F8 Muxes            |     0.001 |     1085 |     63400 |            1.71 |
|   CARRY4                 |    <0.001 |       56 |     15850 |            0.35 |
|   Others                 |     0.000 |       67 |       --- |             --- |
| Signals                  |     0.113 |    17751 |       --- |             --- |
| Block RAM                |     0.035 |        5 |       135 |            3.70 |
| MMCM                     |     0.090 |        1 |         6 |           16.67 |
| I/O                      |     0.005 |        8 |       210 |            3.81 |
| Static Power             |     0.099 |          |           |                 |
| Total                    |     0.461 |          |           |                 |
+--------------------------+-----------+----------+-----------+-----------------+


1.2 Power Supply Summary
------------------------

+-----------+-------------+-----------+-------------+------------+-------------+-------------+------------+
| Source    | Voltage (V) | Total (A) | Dynamic (A) | Static (A) | Powerup (A) | Budget (A)  | Margin (A) |
+-----------+-------------+-----------+-------------+------------+-------------+-------------+------------+
| Vccint    |       1.000 |     0.281 |       0.265 |      0.016 |       NA    | Unspecified | NA         |
| Vccaux    |       1.800 |     0.068 |       0.050 |      0.018 |       NA    | Unspecified | NA         |
| Vcco33    |       3.300 |     0.005 |       0.001 |      0.004 |       NA    | Unspecified | NA         |
| Vcco25    |       2.500 |     0.000 |       0.000 |      0.000 |       NA    | Unspecified | NA         |
| Vcco18    |       1.800 |     0.000 |       0.000 |      0.000 |       NA    | Unspecified | NA         |
| Vcco15    |       1.500 |     0.000 |       0.000 |      0.000 |       NA    | Unspecified | NA         |
| Vcco135   |       1.350 |     0.000 |       0.000 |      0.000 |       NA    | Unspecified | NA         |
| Vcco12    |       1.200 |     0.000 |       0.000 |      0.000 |       NA    | Unspecified | NA         |
| Vccaux_io |       1.800 |     0.000 |       0.000 |      0.000 |       NA    | Unspecified | NA         |
| Vccbram   |       1.000 |     0.003 |       0.003 |      0.000 |       NA    | Unspecified | NA         |
| MGTAVcc   |       1.000 |     0.000 |       0.000 |      0.000 |       NA    | Unspecified | NA         |
| MGTAVtt   |       1.200 |     0.000 |       0.000 |      0.000 |       NA    | Unspecified | NA         |
| Vccadc    |       1.800 |     0.020 |       0.000 |      0.020 |       NA    | Unspecified | NA         |
+-----------+-------------+-----------+-------------+------------+-------------+-------------+------------+


1.3 Confidence Level
--------------------

+-----------------------------+------------+-------------------------------------------------------+------------------------------------------------------------------------------------------------------------+
| User Input Data             | Confidence | Details                                               | Action                                                                                                     |
+-----------------------------+------------+-------------------------------------------------------+------------------------------------------------------------------------------------------------------------+
| Design implementation state | High       | Design is routed                                      |                                                                                                            |
| Clock nodes activity        | High       | User specified more than 95% of clocks                |                                                                                                            |
| I/O nodes activity          | Medium     | More than 5% of inputs are missing user specification | Provide missing input activity with simulation results or by editing the "By Resource Type -> I/Os" view   |
| Internal nodes activity     | Medium     | User specified less than 25% of internal nodes        | Provide missing internal nodes activity with simulation results or by editing the "By Resource Type" views |
| Device models               | High       | Device models are Production                          |                                                                                                            |
|                             |            |                                                       |                                                                                                            |
| Overall confidence level    | Medium     |                                                       |                                                                                                            |
+-----------------------------+------------+-------------------------------------------------------+------------------------------------------------------------------------------------------------------------+


2. Settings
-----------

2.1 Environment
---------------

+-----------------------+--------------------------+
| Ambient Temp (C)      | 25.0                     |
| ThetaJA (C/W)         | 4.6                      |
| Airflow (LFM)         | 250                      |
| Heat Sink             | medium (Medium Profile)  |
| ThetaSA (C/W)         | 4.6                      |
| Board Selection       | medium (10"x10")         |
| # of Board Layers     | 12to15 (12 to 15 Layers) |
| Board Temperature (C) | 25.0                     |
+-----------------------+--------------------------+


2.2 Clock Constraints
---------------------

+----------------+----------------+-----------------+
| Clock          | Domain         | Constraint (ns) |
+----------------+----------------+-----------------+
| core_clk_raw   | core_clk_raw   |             5.7 |
| mmcm_clkfb_raw | mmcm_clkfb_raw |            10.0 |
| sys_clk_pin    | clk            |            10.0 |
+----------------+----------------+-----------------+


3. Detailed Reports
-------------------

3.1 By Hierarchy
----------------

+-----------------------------------+-----------+
| Name                              | Power (W) |
+-----------------------------------+-----------+
| arty_a7_100t_aes_gcm_uart_rsp_top |     0.363 |
|   u_aes_gcm                       |     0.250 |
|     u_core                        |     0.245 |
|       u_aes_engine                |     0.065 |
|       u_aes_first_engine          |     0.026 |
|       u_aes_request_fifo          |     0.003 |
|       u_aes_result_fifo           |     0.006 |
|       u_aes_second_engine         |     0.027 |
|       u_ciphertext_fifo           |     0.002 |
|       u_desc_fifo                 |     0.001 |
|       u_ghash                     |     0.030 |
|       u_ghash_request_fifo        |     0.003 |
|       u_key_context               |     0.047 |
|       u_keystream_fifo            |     0.004 |
|       u_tag_packet_fifo           |     0.002 |
|     u_registers                   |     0.004 |
|   u_bridge                        |     0.009 |
|     u_uart_rx                     |     0.001 |
+-----------------------------------+-----------+


