Copyright 1986-2021 Xilinx, Inc. All Rights Reserved.
----------------------------------------------------------------------------------------------------------------------------------------------------------------------------------------------------
| Tool Version : Vivado v.2021.1 (win64) Build 3247384 Thu Jun 10 19:36:33 MDT 2021
| Date         : Sat Aug 22 22:44:01 2026
| Host         : DESKTOP-IO47298 running 64-bit major release  (build 9200)
| Command      : report_timing_summary -delay_type min_max -report_unconstrained -file C:/project/FPGA3/engrenring/synth_1g/board/output/ece78ce_uart_rsp_175_resetqual4_final_v8/timing_routed.rpt
| Design       : arty_a7_100t_aes_gcm_uart_rsp_top
| Device       : 7a100t-csg324
| Speed File   : -1  PRODUCTION 1.23 2018-06-13
----------------------------------------------------------------------------------------------------------------------------------------------------------------------------------------------------

Timing Summary Report

------------------------------------------------------------------------------------------------
| Timer Settings
| --------------
------------------------------------------------------------------------------------------------

  Enable Multi Corner Analysis               :  Yes
  Enable Pessimism Removal                   :  Yes
  Pessimism Removal Resolution               :  Nearest Common Node
  Enable Input Delay Default Clock           :  No
  Enable Preset / Clear Arcs                 :  No
  Disable Flight Delays                      :  No
  Ignore I/O Paths                           :  No
  Timing Early Launch at Borrowing Latches   :  No
  Borrow Time for Max Delay Exceptions       :  Yes
  Merge Timing Exceptions                    :  Yes

  Corner  Analyze    Analyze    
  Name    Max Paths  Min Paths  
  ------  ---------  ---------  
  Slow    Yes        Yes        
  Fast    Yes        Yes        


------------------------------------------------------------------------------------------------
| Report Methodology
| ------------------
------------------------------------------------------------------------------------------------

No report available as report_methodology has not been run prior. Run report_methodology on the current design for the summary of methodology violations.



check_timing report

Table of Contents
-----------------
1. checking no_clock (0)
2. checking constant_clock (0)
3. checking pulse_width_clock (0)
4. checking unconstrained_internal_endpoints (0)
5. checking no_input_delay (2)
6. checking no_output_delay (5)
7. checking multiple_clock (0)
8. checking generated_clocks (0)
9. checking loops (0)
10. checking partial_input_delay (0)
11. checking partial_output_delay (0)
12. checking latch_loops (0)

1. checking no_clock (0)
------------------------
 There are 0 register/latch pins with no clock.


2. checking constant_clock (0)
------------------------------
 There are 0 register/latch pins with constant_clock.


3. checking pulse_width_clock (0)
---------------------------------
 There are 0 register/latch pins which need pulse_width check


4. checking unconstrained_internal_endpoints (0)
------------------------------------------------
 There are 0 pins that are not constrained for maximum delay.

 There are 0 pins that are not constrained for maximum delay due to constant clock.


5. checking no_input_delay (2)
------------------------------
 There are 0 input ports with no input delay specified.

 There are 2 input ports with no input delay but user has a false path constraint. (MEDIUM)


6. checking no_output_delay (5)
-------------------------------
 There are 0 ports with no output delay specified.

 There are 5 ports with no output delay but user has a false path constraint (MEDIUM)

 There are 0 ports with no output delay but with a timing clock defined on it or propagating through it


7. checking multiple_clock (0)
------------------------------
 There are 0 register/latch pins with multiple clocks.


8. checking generated_clocks (0)
--------------------------------
 There are 0 generated clocks that are not connected to a clock source.


9. checking loops (0)
---------------------
 There are 0 combinational loops in the design.


10. checking partial_input_delay (0)
------------------------------------
 There are 0 input ports with partial input delay specified.


11. checking partial_output_delay (0)
-------------------------------------
 There are 0 ports with partial output delay specified.


12. checking latch_loops (0)
----------------------------
 There are 0 combinational latch loops in the design through latch input



------------------------------------------------------------------------------------------------
| Design Timing Summary
| ---------------------
------------------------------------------------------------------------------------------------

    WNS(ns)      TNS(ns)  TNS Failing Endpoints  TNS Total Endpoints      WHS(ns)      THS(ns)  THS Failing Endpoints  THS Total Endpoints     WPWS(ns)     TPWS(ns)  TPWS Failing Endpoints  TPWS Total Endpoints  
    -------      -------  ---------------------  -------------------      -------      -------  ---------------------  -------------------     --------     --------  ----------------------  --------------------  
      0.029        0.000                      0                35746        0.044        0.000                      0                35746        1.607        0.000                       0                 11099  


All user specified timing constraints are met.


------------------------------------------------------------------------------------------------
| Clock Summary
| -------------
------------------------------------------------------------------------------------------------

Clock             Waveform(ns)         Period(ns)      Frequency(MHz)
-----             ------------         ----------      --------------
sys_clk_pin       {0.000 5.000}        10.000          100.000         
  core_clk_raw    {0.000 2.857}        5.714           175.000         
  mmcm_clkfb_raw  {0.000 5.000}        10.000          100.000         


------------------------------------------------------------------------------------------------
| Intra Clock Table
| -----------------
------------------------------------------------------------------------------------------------

Clock                 WNS(ns)      TNS(ns)  TNS Failing Endpoints  TNS Total Endpoints      WHS(ns)      THS(ns)  THS Failing Endpoints  THS Total Endpoints     WPWS(ns)     TPWS(ns)  TPWS Failing Endpoints  TPWS Total Endpoints  
-----                 -------      -------  ---------------------  -------------------      -------      -------  ---------------------  -------------------     --------     --------  ----------------------  --------------------  
sys_clk_pin                                                                                                                                                         3.000        0.000                       0                     1  
  core_clk_raw          0.029        0.000                      0                35746        0.044        0.000                      0                35746        1.607        0.000                       0                 11095  
  mmcm_clkfb_raw                                                                                                                                                    7.845        0.000                       0                     3  


------------------------------------------------------------------------------------------------
| Inter Clock Table
| -----------------
------------------------------------------------------------------------------------------------

From Clock    To Clock          WNS(ns)      TNS(ns)  TNS Failing Endpoints  TNS Total Endpoints      WHS(ns)      THS(ns)  THS Failing Endpoints  THS Total Endpoints  
----------    --------          -------      -------  ---------------------  -------------------      -------      -------  ---------------------  -------------------  


------------------------------------------------------------------------------------------------
| Other Path Groups Table
| -----------------------
------------------------------------------------------------------------------------------------

Path Group    From Clock    To Clock          WNS(ns)      TNS(ns)  TNS Failing Endpoints  TNS Total Endpoints      WHS(ns)      THS(ns)  THS Failing Endpoints  THS Total Endpoints  
----------    ----------    --------          -------      -------  ---------------------  -------------------      -------      -------  ---------------------  -------------------  


------------------------------------------------------------------------------------------------
| User Ignored Path Table
| -----------------------
------------------------------------------------------------------------------------------------

Path Group    From Clock    To Clock    
----------    ----------    --------    
(none)        core_clk_raw                
(none)                      core_clk_raw  


------------------------------------------------------------------------------------------------
| Unconstrained Path Table
| ------------------------
------------------------------------------------------------------------------------------------

Path Group      From Clock      To Clock      
----------      ----------      --------      
(none)          mmcm_clkfb_raw                  


------------------------------------------------------------------------------------------------
| Timing Details
| --------------
------------------------------------------------------------------------------------------------


---------------------------------------------------------------------------------------------------
From Clock:  sys_clk_pin
  To Clock:  sys_clk_pin

Setup :           NA  Failing Endpoints,  Worst Slack           NA  ,  Total Violation           NA
Hold  :           NA  Failing Endpoints,  Worst Slack           NA  ,  Total Violation           NA
PW    :            0  Failing Endpoints,  Worst Slack        3.000ns,  Total Violation        0.000ns
---------------------------------------------------------------------------------------------------


Pulse Width Checks
--------------------------------------------------------------------------------------
Clock Name:         sys_clk_pin
Waveform(ns):       { 0.000 5.000 }
Period(ns):         10.000
Sources:            { clk }

Check Type        Corner  Lib Pin            Reference Pin  Required(ns)  Actual(ns)  Slack(ns)  Location         Pin
Min Period        n/a     MMCME2_ADV/CLKIN1  n/a            1.249         10.000      8.751      MMCME2_ADV_X1Y2  u_mmcm/CLKIN1
Max Period        n/a     MMCME2_ADV/CLKIN1  n/a            100.000       10.000      90.000     MMCME2_ADV_X1Y2  u_mmcm/CLKIN1
Low Pulse Width   Slow    MMCME2_ADV/CLKIN1  n/a            2.000         5.000       3.000      MMCME2_ADV_X1Y2  u_mmcm/CLKIN1
High Pulse Width  Slow    MMCME2_ADV/CLKIN1  n/a            2.000         5.000       3.000      MMCME2_ADV_X1Y2  u_mmcm/CLKIN1



---------------------------------------------------------------------------------------------------
From Clock:  core_clk_raw
  To Clock:  core_clk_raw

Setup :            0  Failing Endpoints,  Worst Slack        0.029ns,  Total Violation        0.000ns
Hold  :            0  Failing Endpoints,  Worst Slack        0.044ns,  Total Violation        0.000ns
PW    :            0  Failing Endpoints,  Worst Slack        1.607ns,  Total Violation        0.000ns
---------------------------------------------------------------------------------------------------


Max Delay Paths
--------------------------------------------------------------------------------------
Slack (MET) :             0.029ns  (required time - arrival time)
  Source:                 u_bridge/rx_payload_bytes_r_reg[1]/C
                            (rising edge-triggered cell FDRE clocked by core_clk_raw  {rise@0.000ns fall@2.857ns period=5.714ns})
  Destination:            u_bridge/key_cfg_r_reg[24]/D
                            (rising edge-triggered cell FDRE clocked by core_clk_raw  {rise@0.000ns fall@2.857ns period=5.714ns})
  Path Group:             core_clk_raw
  Path Type:              Setup (Max at Slow Process Corner)
  Requirement:            5.714ns  (core_clk_raw rise@5.714ns - core_clk_raw rise@0.000ns)
  Data Path Delay:        5.544ns  (logic 1.214ns (21.897%)  route 4.330ns (78.103%))
  Logic Levels:           5  (LUT3=1 LUT5=1 LUT6=3)
  Clock Path Skew:        -0.019ns (DCD - SCD + CPR)
    Destination Clock Delay (DCD):    -1.353ns = ( 4.361 - 5.714 ) 
    Source Clock Delay      (SCD):    -0.748ns
    Clock Pessimism Removal (CPR):    0.587ns
  Clock Uncertainty:      0.075ns  ((TSJ^2 + DJ^2)^1/2) / 2 + PE
    Total System Jitter     (TSJ):    0.071ns
    Discrete Jitter          (DJ):    0.132ns
    Phase Error              (PE):    0.000ns

    Location             Delay type                Incr(ns)  Path(ns)    Netlist Resource(s)
  -------------------------------------------------------------------    -------------------
                         (clock core_clk_raw rise edge)
                                                      0.000     0.000 r  
    E3                                                0.000     0.000 r  clk (IN)
                         net (fo=0)                   0.000     0.000    clk
    E3                   IBUF (Prop_ibuf_I_O)         1.482     1.482 r  clk_IBUF_inst/O
                         net (fo=1, routed)           1.233     2.715    clk_IBUF
    MMCME2_ADV_X1Y2      MMCME2_ADV (Prop_mmcme2_adv_CLKIN1_CLKOUT0)
                                                     -7.070    -4.355 r  u_mmcm/CLKOUT0
                         net (fo=1, routed)           1.719    -2.636    core_clk_raw
    BUFGCTRL_X0Y16       BUFG (Prop_bufg_I_O)         0.096    -2.540 r  u_core_clk_buf/O
                         net (fo=11093, routed)       1.792    -0.748    u_bridge/core_clk
    SLICE_X26Y174        FDRE                                         r  u_bridge/rx_payload_bytes_r_reg[1]/C
  -------------------------------------------------------------------    -------------------
    SLICE_X26Y174        FDRE (Prop_fdre_C_Q)         0.419    -0.329 r  u_bridge/rx_payload_bytes_r_reg[1]/Q
                         net (fo=6, routed)           0.965     0.637    u_bridge/rx_payload_bytes_r_reg_n_0_[1]
    SLICE_X27Y174        LUT6 (Prop_lut6_I3_O)        0.299     0.936 r  u_bridge/rx_state_r[1]_i_5/O
                         net (fo=2, routed)           0.595     1.531    u_bridge/rx_state_r[1]_i_5_n_0
    SLICE_X28Y174        LUT6 (Prop_lut6_I3_O)        0.124     1.655 r  u_bridge/i_1_LOPT_REMAP/O
                         net (fo=1, routed)           0.552     2.207    u_bridge/i_1/O_n
    SLICE_X29Y174        LUT6 (Prop_lut6_I4_O)        0.124     2.331 r  u_bridge/i_0_LOPT_REMAP/O
                         net (fo=2, routed)           0.516     2.847    u_bridge/key_cfg_r[252]_i_4_n_0
    SLICE_X36Y175        LUT5 (Prop_lut5_I1_O)        0.124     2.971 f  u_bridge/key_cfg_r[251]_i_2/O
                         net (fo=128, routed)         1.172     4.143    u_bridge/key_cfg_r[251]_i_2_n_0
    SLICE_X28Y168        LUT3 (Prop_lut3_I2_O)        0.124     4.267 r  u_bridge/key_cfg_r[24]_i_1/O
                         net (fo=1, routed)           0.529     4.797    u_bridge/key_cfg_r[24]_i_1_n_0
    SLICE_X24Y172        FDRE                                         r  u_bridge/key_cfg_r_reg[24]/D
  -------------------------------------------------------------------    -------------------

                         (clock core_clk_raw rise edge)
                                                      5.714     5.714 r  
    E3                                                0.000     5.714 r  clk (IN)
                         net (fo=0)                   0.000     5.714    clk
    E3                   IBUF (Prop_ibuf_I_O)         1.411     7.126 r  clk_IBUF_inst/O
                         net (fo=1, routed)           1.162     8.287    clk_IBUF
    MMCME2_ADV_X1Y2      MMCME2_ADV (Prop_mmcme2_adv_CLKIN1_CLKOUT0)
                                                     -7.324     0.964 r  u_mmcm/CLKOUT0
                         net (fo=1, routed)           1.639     2.603    core_clk_raw
    BUFGCTRL_X0Y16       BUFG (Prop_bufg_I_O)         0.091     2.694 r  u_core_clk_buf/O
                         net (fo=11093, routed)       1.667     4.361    u_bridge/core_clk
    SLICE_X24Y172        FDRE                                         r  u_bridge/key_cfg_r_reg[24]/C
                         clock pessimism              0.587     4.948    
                         clock uncertainty           -0.075     4.873    
    SLICE_X24Y172        FDRE (Setup_fdre_C_D)       -0.047     4.826    u_bridge/key_cfg_r_reg[24]
  -------------------------------------------------------------------
                         required time                          4.826    
                         arrival time                          -4.797    
  -------------------------------------------------------------------
                         slack                                  0.029    





Min Delay Paths
--------------------------------------------------------------------------------------
Slack (MET) :             0.044ns  (arrival time - required time)
  Source:                 u_aes_gcm/u_registers/key_staging_o_reg[193]/C
                            (rising edge-triggered cell FDRE clocked by core_clk_raw  {rise@0.000ns fall@2.857ns period=5.714ns})
  Destination:            u_aes_gcm/u_core/u_key_context/window_w1_r_reg[1]/D
                            (rising edge-triggered cell FDRE clocked by core_clk_raw  {rise@0.000ns fall@2.857ns period=5.714ns})
  Path Group:             core_clk_raw
  Path Type:              Hold (Min at Fast Process Corner)
  Requirement:            0.000ns  (core_clk_raw rise@0.000ns - core_clk_raw rise@0.000ns)
  Data Path Delay:        0.349ns  (logic 0.186ns (53.335%)  route 0.163ns (46.665%))
  Logic Levels:           1  (LUT5=1)
  Clock Path Skew:        0.183ns (DCD - SCD - CPR)
    Destination Clock Delay (DCD):    -0.832ns
    Source Clock Delay      (SCD):    -0.512ns
    Clock Pessimism Removal (CPR):    -0.504ns

    Location             Delay type                Incr(ns)  Path(ns)    Netlist Resource(s)
  -------------------------------------------------------------------    -------------------
                         (clock core_clk_raw rise edge)
                                                      0.000     0.000 r  
    E3                                                0.000     0.000 r  clk (IN)
                         net (fo=0)                   0.000     0.000    clk
    E3                   IBUF (Prop_ibuf_I_O)         0.250     0.250 r  clk_IBUF_inst/O
                         net (fo=1, routed)           0.440     0.690    clk_IBUF
    MMCME2_ADV_X1Y2      MMCME2_ADV (Prop_mmcme2_adv_CLKIN1_CLKOUT0)
                                                     -2.379    -1.689 r  u_mmcm/CLKOUT0
                         net (fo=1, routed)           0.499    -1.190    core_clk_raw
    BUFGCTRL_X0Y16       BUFG (Prop_bufg_I_O)         0.026    -1.164 r  u_core_clk_buf/O
                         net (fo=11093, routed)       0.652    -0.512    u_aes_gcm/u_registers/core_clk
    SLICE_X9Y150         FDRE                                         r  u_aes_gcm/u_registers/key_staging_o_reg[193]/C
  -------------------------------------------------------------------    -------------------
    SLICE_X9Y150         FDRE (Prop_fdre_C_Q)         0.141    -0.371 r  u_aes_gcm/u_registers/key_staging_o_reg[193]/Q
                         net (fo=2, routed)           0.163    -0.208    u_aes_gcm/u_core/u_key_context/round_keys_r_reg[127]_4[193]
    SLICE_X8Y148         LUT5 (Prop_lut5_I4_O)        0.045    -0.163 r  u_aes_gcm/u_core/u_key_context/window_w1_r[1]_i_1/O
                         net (fo=1, routed)           0.000    -0.163    u_aes_gcm/u_core/u_key_context/window_w1_r[1]_i_1_n_0
    SLICE_X8Y148         FDRE                                         r  u_aes_gcm/u_core/u_key_context/window_w1_r_reg[1]/D
  -------------------------------------------------------------------    -------------------

                         (clock core_clk_raw rise edge)
                                                      0.000     0.000 r  
    E3                                                0.000     0.000 r  clk (IN)
                         net (fo=0)                   0.000     0.000    clk
    E3                   IBUF (Prop_ibuf_I_O)         0.438     0.438 r  clk_IBUF_inst/O
                         net (fo=1, routed)           0.480     0.918    clk_IBUF
    MMCME2_ADV_X1Y2      MMCME2_ADV (Prop_mmcme2_adv_CLKIN1_CLKOUT0)
                                                     -3.163    -2.245 r  u_mmcm/CLKOUT0
                         net (fo=1, routed)           0.544    -1.702    core_clk_raw
    BUFGCTRL_X0Y16       BUFG (Prop_bufg_I_O)         0.029    -1.673 r  u_core_clk_buf/O
                         net (fo=11093, routed)       0.841    -0.832    u_aes_gcm/u_core/u_key_context/core_clk
    SLICE_X8Y148         FDRE                                         r  u_aes_gcm/u_core/u_key_context/window_w1_r_reg[1]/C
                         clock pessimism              0.504    -0.328    
    SLICE_X8Y148         FDRE (Hold_fdre_C_D)         0.121    -0.207    u_aes_gcm/u_core/u_key_context/window_w1_r_reg[1]
  -------------------------------------------------------------------
                         required time                          0.207    
                         arrival time                          -0.163    
  -------------------------------------------------------------------
                         slack                                  0.044    





Pulse Width Checks
--------------------------------------------------------------------------------------
Clock Name:         core_clk_raw
Waveform(ns):       { 0.000 2.857 }
Period(ns):         5.714
Sources:            { u_mmcm/CLKOUT0 }

Check Type        Corner  Lib Pin             Reference Pin  Required(ns)  Actual(ns)  Slack(ns)  Location         Pin
Min Period        n/a     RAMB18E1/CLKARDCLK  n/a            2.576         5.714       3.138      RAMB18_X0Y55     u_aes_gcm/u_core/u_aes_engine/GEN_DATA_SBOX[11].u_data_sbox/GEN_REGISTERED_OUTPUT.co_r_reg/CLKARDCLK
Max Period        n/a     MMCME2_ADV/CLKOUT0  n/a            213.360       5.714       207.646    MMCME2_ADV_X1Y2  u_mmcm/CLKOUT0
Low Pulse Width   Slow    RAMD32/CLK          n/a            1.250         2.857       1.607      SLICE_X58Y129    u_aes_gcm/u_core/plain_bank0_reg_r1_0_15_0_5/RAMA/CLK
High Pulse Width  Slow    RAMD32/CLK          n/a            1.250         2.857       1.607      SLICE_X58Y129    u_aes_gcm/u_core/plain_bank0_reg_r1_0_15_0_5/RAMA/CLK



---------------------------------------------------------------------------------------------------
From Clock:  mmcm_clkfb_raw
  To Clock:  mmcm_clkfb_raw

Setup :           NA  Failing Endpoints,  Worst Slack           NA  ,  Total Violation           NA
Hold  :           NA  Failing Endpoints,  Worst Slack           NA  ,  Total Violation           NA
PW    :            0  Failing Endpoints,  Worst Slack        7.845ns,  Total Violation        0.000ns
---------------------------------------------------------------------------------------------------


Pulse Width Checks
--------------------------------------------------------------------------------------
Clock Name:         mmcm_clkfb_raw
Waveform(ns):       { 0.000 5.000 }
Period(ns):         10.000
Sources:            { u_mmcm/CLKFBOUT }

Check Type  Corner  Lib Pin             Reference Pin  Required(ns)  Actual(ns)  Slack(ns)  Location         Pin
Min Period  n/a     BUFG/I              n/a            2.155         10.000      7.845      BUFGCTRL_X0Y17   u_feedback_buf/I
Max Period  n/a     MMCME2_ADV/CLKFBIN  n/a            100.000       10.000      90.000     MMCME2_ADV_X1Y2  u_mmcm/CLKFBIN



--------------------------------------------------------------------------------------
Path Group:  (none)
From Clock:  core_clk_raw
  To Clock:  

Max Delay             5 Endpoints
Min Delay             5 Endpoints
--------------------------------------------------------------------------------------


Max Delay Paths
--------------------------------------------------------------------------------------
Slack:                    inf
  Source:                 u_bridge/eng_state_r_reg[1]/C
                            (rising edge-triggered cell FDRE clocked by core_clk_raw  {rise@0.000ns fall@2.857ns period=5.714ns})
  Destination:            led[1]
                            (output port)
  Path Group:             (none)
  Path Type:              Max at Slow Process Corner
  Data Path Delay:        11.867ns  (logic 4.681ns (39.441%)  route 7.187ns (60.559%))
  Logic Levels:           3  (LUT5=2 OBUF=1)
  Clock Uncertainty:      0.193ns  ((TSJ^2 + DJ^2)^1/2) / 2 + PE
    Total System Jitter     (TSJ):    0.050ns
    Discrete Jitter          (DJ):    0.132ns
    Phase Error              (PE):    0.123ns
  Timing Exception:       False Path

    Location             Delay type                Incr(ns)  Path(ns)    Netlist Resource(s)
  -------------------------------------------------------------------    -------------------
                         (clock core_clk_raw rise edge)
                                                      0.000     0.000 r  
    E3                                                0.000     0.000 r  clk (IN)
                         net (fo=0)                   0.000     0.000    clk
    E3                   IBUF (Prop_ibuf_I_O)         1.482     1.482 r  clk_IBUF_inst/O
                         net (fo=1, routed)           1.233     2.715    clk_IBUF
    MMCME2_ADV_X1Y2      MMCME2_ADV (Prop_mmcme2_adv_CLKIN1_CLKOUT0)
                                                     -7.070    -4.355 r  u_mmcm/CLKOUT0
                         net (fo=1, routed)           1.719    -2.636    core_clk_raw
    BUFGCTRL_X0Y16       BUFG (Prop_bufg_I_O)         0.096    -2.540 r  u_core_clk_buf/O
                         net (fo=11093, routed)       1.805    -0.735    u_bridge/core_clk
    SLICE_X21Y165        FDRE                                         r  u_bridge/eng_state_r_reg[1]/C
  -------------------------------------------------------------------    -------------------
    SLICE_X21Y165        FDRE (Prop_fdre_C_Q)         0.456    -0.279 r  u_bridge/eng_state_r_reg[1]/Q
                         net (fo=72, routed)          1.191     0.913    u_bridge/eng_state_r[1]
    SLICE_X23Y166        LUT5 (Prop_lut5_I0_O)        0.152     1.065 f  u_bridge/led_OBUF[1]_inst_i_2/O
                         net (fo=6, routed)           1.209     2.273    u_bridge/u_uart_tx/run_request_r_reg_3
    SLICE_X23Y163        LUT5 (Prop_lut5_I3_O)        0.354     2.627 r  u_bridge/u_uart_tx/led_OBUF[1]_inst_i_1/O
                         net (fo=1, routed)           4.787     7.414    led_OBUF[1]
    J5                   OBUF (Prop_obuf_I_O)         3.719    11.133 r  led_OBUF[1]_inst/O
                         net (fo=0)                   0.000    11.133    led[1]
    J5                                                                r  led[1] (OUT)
  -------------------------------------------------------------------    -------------------





Min Delay Paths
--------------------------------------------------------------------------------------
Slack:                    inf
  Source:                 u_bridge/u_uart_tx/tx_reg/C
                            (rising edge-triggered cell FDSE clocked by core_clk_raw  {rise@0.000ns fall@2.857ns period=5.714ns})
  Destination:            uart_rxd_out
                            (output port)
  Path Group:             (none)
  Path Type:              Min at Fast Process Corner
  Data Path Delay:        2.017ns  (logic 1.364ns (67.642%)  route 0.653ns (32.358%))
  Logic Levels:           1  (OBUF=1)
  Clock Uncertainty:      0.193ns  ((TSJ^2 + DJ^2)^1/2) / 2 + PE
    Total System Jitter     (TSJ):    0.050ns
    Discrete Jitter          (DJ):    0.132ns
    Phase Error              (PE):    0.123ns
  Timing Exception:       False Path

    Location             Delay type                Incr(ns)  Path(ns)    Netlist Resource(s)
  -------------------------------------------------------------------    -------------------
                         (clock core_clk_raw rise edge)
                                                      0.000     0.000 r  
    E3                                                0.000     0.000 r  clk (IN)
                         net (fo=0)                   0.000     0.000    clk
    E3                   IBUF (Prop_ibuf_I_O)         0.250     0.250 r  clk_IBUF_inst/O
                         net (fo=1, routed)           0.440     0.690    clk_IBUF
    MMCME2_ADV_X1Y2      MMCME2_ADV (Prop_mmcme2_adv_CLKIN1_CLKOUT0)
                                                     -2.379    -1.689 r  u_mmcm/CLKOUT0
                         net (fo=1, routed)           0.499    -1.190    core_clk_raw
    BUFGCTRL_X0Y16       BUFG (Prop_bufg_I_O)         0.026    -1.164 r  u_core_clk_buf/O
                         net (fo=11093, routed)       0.645    -0.519    u_bridge/u_uart_tx/core_clk
    SLICE_X25Y163        FDSE                                         r  u_bridge/u_uart_tx/tx_reg/C
  -------------------------------------------------------------------    -------------------
    SLICE_X25Y163        FDSE (Prop_fdse_C_Q)         0.141    -0.378 r  u_bridge/u_uart_tx/tx_reg/Q
                         net (fo=1, routed)           0.653     0.275    uart_rxd_out_OBUF
    D10                  OBUF (Prop_obuf_I_O)         1.223     1.498 r  uart_rxd_out_OBUF_inst/O
                         net (fo=0)                   0.000     1.498    uart_rxd_out
    D10                                                               r  uart_rxd_out (OUT)
  -------------------------------------------------------------------    -------------------





--------------------------------------------------------------------------------------
Path Group:  (none)
From Clock:  
  To Clock:  core_clk_raw

Max Delay             2 Endpoints
Min Delay             2 Endpoints
--------------------------------------------------------------------------------------


Max Delay Paths
--------------------------------------------------------------------------------------
Slack:                    inf
  Source:                 rst_btn
                            (input port)
  Destination:            run_req_sync_r_reg[0]/D
                            (rising edge-triggered cell FDRE clocked by core_clk_raw  {rise@0.000ns fall@2.857ns period=5.714ns})
  Path Group:             (none)
  Path Type:              Setup (Max at Slow Process Corner)
  Data Path Delay:        4.395ns  (logic 1.631ns (37.113%)  route 2.764ns (62.887%))
  Logic Levels:           2  (IBUF=1 LUT2=1)
  Clock Path Skew:        -1.528ns (DCD - SCD + CPR)
    Destination Clock Delay (DCD):    -1.528ns
    Source Clock Delay      (SCD):    0.000ns
    Clock Pessimism Removal (CPR):    0.000ns
  Timing Exception:       False Path

    Location             Delay type                Incr(ns)  Path(ns)    Netlist Resource(s)
  -------------------------------------------------------------------    -------------------
    C2                                                0.000     0.000 r  rst_btn (IN)
                         net (fo=0)                   0.000     0.000    rst_btn
    C2                   IBUF (Prop_ibuf_I_O)         1.507     1.507 r  rst_btn_IBUF_inst/O
                         net (fo=1, routed)           2.764     4.271    rst_btn_IBUF
    SLICE_X51Y110        LUT2 (Prop_lut2_I1_O)        0.124     4.395 r  run_req_sync_r[0]_i_1/O
                         net (fo=1, routed)           0.000     4.395    p_1_out[0]
    SLICE_X51Y110        FDRE                                         r  run_req_sync_r_reg[0]/D
  -------------------------------------------------------------------    -------------------

                         (clock core_clk_raw rise edge)
                                                      0.000     0.000 r  
    E3                                                0.000     0.000 r  clk (IN)
                         net (fo=0)                   0.000     0.000    clk
    E3                   IBUF (Prop_ibuf_I_O)         1.411     1.411 r  clk_IBUF_inst/O
                         net (fo=1, routed)           1.162     2.573    clk_IBUF
    MMCME2_ADV_X1Y2      MMCME2_ADV (Prop_mmcme2_adv_CLKIN1_CLKOUT0)
                                                     -7.324    -4.751 r  u_mmcm/CLKOUT0
                         net (fo=1, routed)           1.639    -3.112    core_clk_raw
    BUFGCTRL_X0Y16       BUFG (Prop_bufg_I_O)         0.091    -3.021 r  u_core_clk_buf/O
                         net (fo=11093, routed)       1.493    -1.528    core_clk
    SLICE_X51Y110        FDRE                                         r  run_req_sync_r_reg[0]/C





Min Delay Paths
--------------------------------------------------------------------------------------
Slack:                    inf
  Source:                 uart_txd_in
                            (input port)
  Destination:            u_bridge/u_uart_rx/rx_meta_reg/D
                            (rising edge-triggered cell FDSE clocked by core_clk_raw  {rise@0.000ns fall@2.857ns period=5.714ns})
  Path Group:             (none)
  Path Type:              Hold (Min at Fast Process Corner)
  Data Path Delay:        0.832ns  (logic 0.294ns (35.313%)  route 0.538ns (64.687%))
  Logic Levels:           1  (IBUF=1)
  Clock Path Skew:        -0.758ns (DCD - SCD - CPR)
    Destination Clock Delay (DCD):    -0.758ns
    Source Clock Delay      (SCD):    0.000ns
    Clock Pessimism Removal (CPR):    -0.000ns
  Timing Exception:       False Path

    Location             Delay type                Incr(ns)  Path(ns)    Netlist Resource(s)
  -------------------------------------------------------------------    -------------------
    A9                                                0.000     0.000 r  uart_txd_in (IN)
                         net (fo=0)                   0.000     0.000    uart_txd_in
    A9                   IBUF (Prop_ibuf_I_O)         0.294     0.294 r  uart_txd_in_IBUF_inst/O
                         net (fo=1, routed)           0.538     0.832    u_bridge/u_uart_rx/rx
    SLICE_X10Y170        FDSE                                         r  u_bridge/u_uart_rx/rx_meta_reg/D
  -------------------------------------------------------------------    -------------------

                         (clock core_clk_raw rise edge)
                                                      0.000     0.000 r  
    E3                                                0.000     0.000 r  clk (IN)
                         net (fo=0)                   0.000     0.000    clk
    E3                   IBUF (Prop_ibuf_I_O)         0.438     0.438 r  clk_IBUF_inst/O
                         net (fo=1, routed)           0.480     0.918    clk_IBUF
    MMCME2_ADV_X1Y2      MMCME2_ADV (Prop_mmcme2_adv_CLKIN1_CLKOUT0)
                                                     -3.163    -2.245 r  u_mmcm/CLKOUT0
                         net (fo=1, routed)           0.544    -1.702    core_clk_raw
    BUFGCTRL_X0Y16       BUFG (Prop_bufg_I_O)         0.029    -1.673 r  u_core_clk_buf/O
                         net (fo=11093, routed)       0.915    -0.758    u_bridge/u_uart_rx/core_clk
    SLICE_X10Y170        FDSE                                         r  u_bridge/u_uart_rx/rx_meta_reg/C





--------------------------------------------------------------------------------------
Path Group:  (none)
From Clock:  mmcm_clkfb_raw
  To Clock:  

Max Delay             1 Endpoint
Min Delay             1 Endpoint
--------------------------------------------------------------------------------------


Max Delay Paths
--------------------------------------------------------------------------------------
Slack:                    inf
  Source:                 u_mmcm/CLKFBOUT
                            (clock source 'mmcm_clkfb_raw'  {rise@0.000ns fall@5.000ns period=10.000ns})
  Destination:            u_mmcm/CLKFBIN
  Path Group:             (none)
  Path Type:              Max at Fast Process Corner
  Data Path Delay:        1.396ns  (logic 0.029ns (2.077%)  route 1.367ns (97.923%))
  Logic Levels:           1  (BUFG=1)
  Clock Uncertainty:      0.179ns  ((TSJ^2 + DJ^2)^1/2) / 2 + PE
    Total System Jitter     (TSJ):    0.050ns
    Discrete Jitter          (DJ):    0.101ns
    Phase Error              (PE):    0.123ns

    Location             Delay type                Incr(ns)  Path(ns)    Netlist Resource(s)
  -------------------------------------------------------------------    -------------------
                         (clock mmcm_clkfb_raw fall edge)
                                                      5.000     5.000 f  
    E3                                                0.000     5.000 f  clk (IN)
                         net (fo=0)                   0.000     5.000    clk
    E3                   IBUF (Prop_ibuf_I_O)         0.438     5.438 f  clk_IBUF_inst/O
                         net (fo=1, routed)           0.480     5.918    clk_IBUF
  -------------------------------------------------------------------    -------------------
    MMCME2_ADV_X1Y2      MMCME2_ADV (Prop_mmcme2_adv_CLKIN1_CLKFBOUT)
                                                     -3.163     2.755 f  u_mmcm/CLKFBOUT
                         net (fo=1, routed)           0.544     3.298    mmcm_clkfb_raw
    BUFGCTRL_X0Y17       BUFG (Prop_bufg_I_O)         0.029     3.327 f  u_feedback_buf/O
                         net (fo=1, routed)           0.824     4.151    mmcm_clkfb
    MMCME2_ADV_X1Y2      MMCME2_ADV                                   f  u_mmcm/CLKFBIN
  -------------------------------------------------------------------    -------------------





Min Delay Paths
--------------------------------------------------------------------------------------
Slack:                    inf
  Source:                 u_mmcm/CLKFBOUT
                            (clock source 'mmcm_clkfb_raw'  {rise@0.000ns fall@5.000ns period=10.000ns})
  Destination:            u_mmcm/CLKFBIN
  Path Group:             (none)
  Path Type:              Min at Slow Process Corner
  Data Path Delay:        3.236ns  (logic 0.091ns (2.812%)  route 3.145ns (97.188%))
  Logic Levels:           1  (BUFG=1)
  Clock Uncertainty:      0.179ns  ((TSJ^2 + DJ^2)^1/2) / 2 + PE
    Total System Jitter     (TSJ):    0.050ns
    Discrete Jitter          (DJ):    0.101ns
    Phase Error              (PE):    0.123ns

    Location             Delay type                Incr(ns)  Path(ns)    Netlist Resource(s)
  -------------------------------------------------------------------    -------------------
                         (clock mmcm_clkfb_raw rise edge)
                                                      0.000     0.000 r  
    E3                                                0.000     0.000 r  clk (IN)
                         net (fo=0)                   0.000     0.000    clk
    E3                   IBUF (Prop_ibuf_I_O)         1.411     1.411 r  clk_IBUF_inst/O
                         net (fo=1, routed)           1.162     2.573    clk_IBUF
  -------------------------------------------------------------------    -------------------
    MMCME2_ADV_X1Y2      MMCME2_ADV (Prop_mmcme2_adv_CLKIN1_CLKFBOUT)
                                                     -7.324    -4.751 r  u_mmcm/CLKFBOUT
                         net (fo=1, routed)           1.639    -3.112    mmcm_clkfb_raw
    BUFGCTRL_X0Y17       BUFG (Prop_bufg_I_O)         0.091    -3.021 r  u_feedback_buf/O
                         net (fo=1, routed)           1.506    -1.515    mmcm_clkfb
    MMCME2_ADV_X1Y2      MMCME2_ADV                                   r  u_mmcm/CLKFBIN
  -------------------------------------------------------------------    -------------------





