Copyright 1986-2021 Xilinx, Inc. All Rights Reserved.
---------------------------------------------------------------------------------------------------------------------------------------------------------------------------------------------------
| Tool Version : Vivado v.2021.1 (win64) Build 3247384 Thu Jun 10 19:36:33 MDT 2021
| Date         : Sat Aug 22 22:31:22 2026
| Host         : DESKTOP-IO47298 running 64-bit major release  (build 9200)
| Command      : report_timing_summary -delay_type min_max -report_unconstrained -file C:/project/FPGA3/engrenring/synth_1g/board/output/ece78ce_uart_rsp_175_resetqual4_final_v8/timing_synth.rpt
| Design       : arty_a7_100t_aes_gcm_uart_rsp_top
| Device       : 7a100t-csg324
| Speed File   : -1  PRODUCTION 1.23 2018-06-13
---------------------------------------------------------------------------------------------------------------------------------------------------------------------------------------------------

Timing Summary Report

------------------------------------------------------------------------------------------------
| Timer Settings
| --------------
------------------------------------------------------------------------------------------------

  Enable Multi Corner Analysis               :  Yes
  Enable Pessimism Removal                   :  Yes
  Pessimism Removal Resolution               :  Nearest Common Node
  Enable Input Delay Default Clock           :  No
  Enable Preset / Clear Arcs                 :  No
  Disable Flight Delays                      :  No
  Ignore I/O Paths                           :  No
  Timing Early Launch at Borrowing Latches   :  No
  Borrow Time for Max Delay Exceptions       :  Yes
  Merge Timing Exceptions                    :  Yes

  Corner  Analyze    Analyze    
  Name    Max Paths  Min Paths  
  ------  ---------  ---------  
  Slow    Yes        Yes        
  Fast    Yes        Yes        


------------------------------------------------------------------------------------------------
| Report Methodology
| ------------------
------------------------------------------------------------------------------------------------

No report available as report_methodology has not been run prior. Run report_methodology on the current design for the summary of methodology violations.



check_timing report

Table of Contents
-----------------
1. checking no_clock (0)
2. checking constant_clock (0)
3. checking pulse_width_clock (0)
4. checking unconstrained_internal_endpoints (0)
5. checking no_input_delay (2)
6. checking no_output_delay (5)
7. checking multiple_clock (0)
8. checking generated_clocks (0)
9. checking loops (0)
10. checking partial_input_delay (0)
11. checking partial_output_delay (0)
12. checking latch_loops (0)

1. checking no_clock (0)
------------------------
 There are 0 register/latch pins with no clock.


2. checking constant_clock (0)
------------------------------
 There are 0 register/latch pins with constant_clock.


3. checking pulse_width_clock (0)
---------------------------------
 There are 0 register/latch pins which need pulse_width check


4. checking unconstrained_internal_endpoints (0)
------------------------------------------------
 There are 0 pins that are not constrained for maximum delay.

 There are 0 pins that are not constrained for maximum delay due to constant clock.


5. checking no_input_delay (2)
------------------------------
 There are 0 input ports with no input delay specified.

 There are 2 input ports with no input delay but user has a false path constraint. (MEDIUM)


6. checking no_output_delay (5)
-------------------------------
 There are 0 ports with no output delay specified.

 There are 5 ports with no output delay but user has a false path constraint (MEDIUM)

 There are 0 ports with no output delay but with a timing clock defined on it or propagating through it


7. checking multiple_clock (0)
------------------------------
 There are 0 register/latch pins with multiple clocks.


8. checking generated_clocks (0)
--------------------------------
 There are 0 generated clocks that are not connected to a clock source.


9. checking loops (0)
---------------------
 There are 0 combinational loops in the design.


10. checking partial_input_delay (0)
------------------------------------
 There are 0 input ports with partial input delay specified.


11. checking partial_output_delay (0)
-------------------------------------
 There are 0 ports with partial output delay specified.


12. checking latch_loops (0)
----------------------------
 There are 0 combinational latch loops in the design through latch input



------------------------------------------------------------------------------------------------
| Design Timing Summary
| ---------------------
------------------------------------------------------------------------------------------------

    WNS(ns)      TNS(ns)  TNS Failing Endpoints  TNS Total Endpoints      WHS(ns)      THS(ns)  THS Failing Endpoints  THS Total Endpoints     WPWS(ns)     TPWS(ns)  TPWS Failing Endpoints  TPWS Total Endpoints  
    -------      -------  ---------------------  -------------------      -------      -------  ---------------------  -------------------     --------     --------  ----------------------  --------------------  
     -0.298      -11.728                    292                35688        0.045        0.000                      0                35688        1.607        0.000                       0                 11068  


Timing constraints are not met.


------------------------------------------------------------------------------------------------
| Clock Summary
| -------------
------------------------------------------------------------------------------------------------

Clock             Waveform(ns)         Period(ns)      Frequency(MHz)
-----             ------------         ----------      --------------
sys_clk_pin       {0.000 5.000}        10.000          100.000         
  core_clk_raw    {0.000 2.857}        5.714           175.000         
  mmcm_clkfb_raw  {0.000 5.000}        10.000          100.000         


------------------------------------------------------------------------------------------------
| Intra Clock Table
| -----------------
------------------------------------------------------------------------------------------------

Clock                 WNS(ns)      TNS(ns)  TNS Failing Endpoints  TNS Total Endpoints      WHS(ns)      THS(ns)  THS Failing Endpoints  THS Total Endpoints     WPWS(ns)     TPWS(ns)  TPWS Failing Endpoints  TPWS Total Endpoints  
-----                 -------      -------  ---------------------  -------------------      -------      -------  ---------------------  -------------------     --------     --------  ----------------------  --------------------  
sys_clk_pin                                                                                                                                                         3.000        0.000                       0                     1  
  core_clk_raw         -0.298      -11.728                    292                35688        0.045        0.000                      0                35688        1.607        0.000                       0                 11064  
  mmcm_clkfb_raw                                                                                                                                                    7.845        0.000                       0                     3  


------------------------------------------------------------------------------------------------
| Inter Clock Table
| -----------------
------------------------------------------------------------------------------------------------

From Clock    To Clock          WNS(ns)      TNS(ns)  TNS Failing Endpoints  TNS Total Endpoints      WHS(ns)      THS(ns)  THS Failing Endpoints  THS Total Endpoints  
----------    --------          -------      -------  ---------------------  -------------------      -------      -------  ---------------------  -------------------  


------------------------------------------------------------------------------------------------
| Other Path Groups Table
| -----------------------
------------------------------------------------------------------------------------------------

Path Group    From Clock    To Clock          WNS(ns)      TNS(ns)  TNS Failing Endpoints  TNS Total Endpoints      WHS(ns)      THS(ns)  THS Failing Endpoints  THS Total Endpoints  
----------    ----------    --------          -------      -------  ---------------------  -------------------      -------      -------  ---------------------  -------------------  


------------------------------------------------------------------------------------------------
| User Ignored Path Table
| -----------------------
------------------------------------------------------------------------------------------------

Path Group    From Clock    To Clock    
----------    ----------    --------    
(none)        core_clk_raw                
(none)                      core_clk_raw  


------------------------------------------------------------------------------------------------
| Unconstrained Path Table
| ------------------------
------------------------------------------------------------------------------------------------

Path Group      From Clock      To Clock      
----------      ----------      --------      
(none)          mmcm_clkfb_raw                  


------------------------------------------------------------------------------------------------
| Timing Details
| --------------
------------------------------------------------------------------------------------------------


---------------------------------------------------------------------------------------------------
From Clock:  sys_clk_pin
  To Clock:  sys_clk_pin

Setup :           NA  Failing Endpoints,  Worst Slack           NA  ,  Total Violation           NA
Hold  :           NA  Failing Endpoints,  Worst Slack           NA  ,  Total Violation           NA
PW    :            0  Failing Endpoints,  Worst Slack        3.000ns,  Total Violation        0.000ns
---------------------------------------------------------------------------------------------------


Pulse Width Checks
--------------------------------------------------------------------------------------
Clock Name:         sys_clk_pin
Waveform(ns):       { 0.000 5.000 }
Period(ns):         10.000
Sources:            { clk }

Check Type        Corner  Lib Pin            Reference Pin  Required(ns)  Actual(ns)  Slack(ns)  Location  Pin
Min Period        n/a     MMCME2_ADV/CLKIN1  n/a            1.249         10.000      8.751                u_mmcm/CLKIN1
Max Period        n/a     MMCME2_ADV/CLKIN1  n/a            100.000       10.000      90.000               u_mmcm/CLKIN1
Low Pulse Width   Slow    MMCME2_ADV/CLKIN1  n/a            2.000         5.000       3.000                u_mmcm/CLKIN1
High Pulse Width  Slow    MMCME2_ADV/CLKIN1  n/a            2.000         5.000       3.000                u_mmcm/CLKIN1



---------------------------------------------------------------------------------------------------
From Clock:  core_clk_raw
  To Clock:  core_clk_raw

Setup :          292  Failing Endpoints,  Worst Slack       -0.298ns,  Total Violation      -11.728ns
Hold  :            0  Failing Endpoints,  Worst Slack        0.045ns,  Total Violation        0.000ns
PW    :            0  Failing Endpoints,  Worst Slack        1.607ns,  Total Violation        0.000ns
---------------------------------------------------------------------------------------------------


Max Delay Paths
--------------------------------------------------------------------------------------
Slack (VIOLATED) :        -0.298ns  (required time - arrival time)
  Source:                 u_bridge/ct_len_r_reg[4]/C
                            (rising edge-triggered cell FDRE clocked by core_clk_raw  {rise@0.000ns fall@2.857ns period=5.714ns})
  Destination:            u_bridge/stream_total_bytes_r_reg[8]/D
                            (rising edge-triggered cell FDRE clocked by core_clk_raw  {rise@0.000ns fall@2.857ns period=5.714ns})
  Path Group:             core_clk_raw
  Path Type:              Setup (Max at Slow Process Corner)
  Requirement:            5.714ns  (core_clk_raw rise@5.714ns - core_clk_raw rise@0.000ns)
  Data Path Delay:        5.868ns  (logic 2.208ns (37.628%)  route 3.660ns (62.372%))
  Logic Levels:           6  (CARRY4=2 LUT3=1 LUT4=1 LUT5=1 LUT6=1)
  Clock Path Skew:        -0.145ns (DCD - SCD + CPR)
    Destination Clock Delay (DCD):    -2.238ns = ( 3.477 - 5.714 ) 
    Source Clock Delay      (SCD):    -1.562ns
    Clock Pessimism Removal (CPR):    0.531ns
  Clock Uncertainty:      0.075ns  ((TSJ^2 + DJ^2)^1/2) / 2 + PE
    Total System Jitter     (TSJ):    0.071ns
    Discrete Jitter          (DJ):    0.132ns
    Phase Error              (PE):    0.000ns

    Location             Delay type                Incr(ns)  Path(ns)    Netlist Resource(s)
  -------------------------------------------------------------------    -------------------
                         (clock core_clk_raw rise edge)
                                                      0.000     0.000 r  
    E3                                                0.000     0.000 r  clk (IN)
                         net (fo=0)                   0.000     0.000    clk
    E3                   IBUF (Prop_ibuf_I_O)         1.482     1.482 r  clk_IBUF_inst/O
                         net (fo=1, unplaced)         0.584     2.066    clk_IBUF
                         MMCME2_ADV (Prop_mmcme2_adv_CLKIN1_CLKOUT0)
                                                     -5.111    -3.045 r  u_mmcm/CLKOUT0
                         net (fo=1, unplaced)         0.803    -2.242    core_clk_raw
                         BUFG (Prop_bufg_I_O)         0.096    -2.146 r  u_core_clk_buf/O
                         net (fo=11062, unplaced)     0.584    -1.562    u_bridge/core_clk
                         FDRE                                         r  u_bridge/ct_len_r_reg[4]/C
  -------------------------------------------------------------------    -------------------
                         FDRE (Prop_fdre_C_Q)         0.478    -1.084 f  u_bridge/ct_len_r_reg[4]/Q
                         net (fo=5, unplaced)         0.791    -0.293    u_bridge/ct_len_r_reg_n_0_[4]
                         LUT3 (Prop_lut3_I0_O)        0.319     0.026 f  u_bridge/expected_data_bytes_r[3]_i_3/O
                         net (fo=5, unplaced)         0.969     0.995    u_bridge/expected_data_bytes_r[3]_i_3_n_0
                         LUT5 (Prop_lut5_I0_O)        0.124     1.119 r  u_bridge/expected_data_bytes_r[3]_i_2/O
                         net (fo=1, unplaced)         0.449     1.568    u_bridge/expected_data_bytes_r[3]_i_2_n_0
                         LUT6 (Prop_lut6_I0_O)        0.124     1.692 r  u_bridge/expected_data_bytes_r[3]_i_1/O
                         net (fo=5, unplaced)         0.760     2.452    u_bridge/expected_data_bytes_r[3]_i_1_n_0
                         LUT4 (Prop_lut4_I0_O)        0.150     2.602 r  u_bridge/stream_total_bytes_r[7]_i_5/O
                         net (fo=2, unplaced)         0.691     3.293    u_bridge/stream_total_bytes_r[7]_i_5_n_0
                         CARRY4 (Prop_carry4_DI[0]_CO[3])
                                                      0.781     4.074 r  u_bridge/stream_total_bytes_r_reg[7]_i_1/CO[3]
                         net (fo=1, unplaced)         0.000     4.074    u_bridge/stream_total_bytes_r_reg[7]_i_1_n_0
                         CARRY4 (Prop_carry4_CI_O[0])
                                                      0.232     4.306 r  u_bridge/stream_total_bytes_r_reg[8]_i_2/O[0]
                         net (fo=1, unplaced)         0.000     4.306    u_bridge/stream_total_bytes_r_reg[8]_i_2_n_7
                         FDRE                                         r  u_bridge/stream_total_bytes_r_reg[8]/D
  -------------------------------------------------------------------    -------------------

                         (clock core_clk_raw rise edge)
                                                      5.714     5.714 r  
    E3                                                0.000     5.714 r  clk (IN)
                         net (fo=0)                   0.000     5.714    clk
    E3                   IBUF (Prop_ibuf_I_O)         1.411     7.126 r  clk_IBUF_inst/O
                         net (fo=1, unplaced)         0.439     7.565    clk_IBUF
                         MMCME2_ADV (Prop_mmcme2_adv_CLKIN1_CLKOUT0)
                                                     -5.381     2.184 r  u_mmcm/CLKOUT0
                         net (fo=1, unplaced)         0.763     2.947    core_clk_raw
                         BUFG (Prop_bufg_I_O)         0.091     3.038 r  u_core_clk_buf/O
                         net (fo=11062, unplaced)     0.439     3.477    u_bridge/core_clk
                         FDRE                                         r  u_bridge/stream_total_bytes_r_reg[8]/C
                         clock pessimism              0.531     4.007    
                         clock uncertainty           -0.075     3.932    
                         FDRE (Setup_fdre_C_D)        0.076     4.008    u_bridge/stream_total_bytes_r_reg[8]
  -------------------------------------------------------------------
                         required time                          4.008    
                         arrival time                          -4.306    
  -------------------------------------------------------------------
                         slack                                 -0.298    





Min Delay Paths
--------------------------------------------------------------------------------------
Slack (MET) :             0.045ns  (arrival time - required time)
  Source:                 run_req_sync_r_reg[0]/C
                            (rising edge-triggered cell FDRE clocked by core_clk_raw  {rise@0.000ns fall@2.857ns period=5.714ns})
  Destination:            run_req_sync_r_reg[1]/D
                            (rising edge-triggered cell FDRE clocked by core_clk_raw  {rise@0.000ns fall@2.857ns period=5.714ns})
  Path Group:             core_clk_raw
  Path Type:              Hold (Min at Fast Process Corner)
  Requirement:            0.000ns  (core_clk_raw rise@0.000ns - core_clk_raw rise@0.000ns)
  Data Path Delay:        0.228ns  (logic 0.147ns (64.493%)  route 0.081ns (35.507%))
  Logic Levels:           0  
  Clock Path Skew:        0.145ns (DCD - SCD - CPR)
    Destination Clock Delay (DCD):    -1.070ns
    Source Clock Delay      (SCD):    -0.935ns
    Clock Pessimism Removal (CPR):    -0.280ns

    Location             Delay type                Incr(ns)  Path(ns)    Netlist Resource(s)
  -------------------------------------------------------------------    -------------------
                         (clock core_clk_raw rise edge)
                                                      0.000     0.000 r  
    E3                                                0.000     0.000 r  clk (IN)
                         net (fo=0)                   0.000     0.000    clk
    E3                   IBUF (Prop_ibuf_I_O)         0.250     0.250 r  clk_IBUF_inst/O
                         net (fo=1, unplaced)         0.114     0.364    clk_IBUF
                         MMCME2_ADV (Prop_mmcme2_adv_CLKIN1_CLKOUT0)
                                                     -1.777    -1.414 r  u_mmcm/CLKOUT0
                         net (fo=1, unplaced)         0.338    -1.075    core_clk_raw
                         BUFG (Prop_bufg_I_O)         0.026    -1.049 r  u_core_clk_buf/O
                         net (fo=11062, unplaced)     0.114    -0.935    core_clk
                         FDRE                                         r  run_req_sync_r_reg[0]/C
  -------------------------------------------------------------------    -------------------
                         FDRE (Prop_fdre_C_Q)         0.147    -0.788 r  run_req_sync_r_reg[0]/Q
                         net (fo=1, unplaced)         0.081    -0.707    run_req_sync_r[0]
                         FDRE                                         r  run_req_sync_r_reg[1]/D
  -------------------------------------------------------------------    -------------------

                         (clock core_clk_raw rise edge)
                                                      0.000     0.000 r  
    E3                                                0.000     0.000 r  clk (IN)
                         net (fo=0)                   0.000     0.000    clk
    E3                   IBUF (Prop_ibuf_I_O)         0.438     0.438 r  clk_IBUF_inst/O
                         net (fo=1, unplaced)         0.259     0.697    clk_IBUF
                         MMCME2_ADV (Prop_mmcme2_adv_CLKIN1_CLKOUT0)
                                                     -2.411    -1.715 r  u_mmcm/CLKOUT0
                         net (fo=1, unplaced)         0.356    -1.358    core_clk_raw
                         BUFG (Prop_bufg_I_O)         0.029    -1.329 r  u_core_clk_buf/O
                         net (fo=11062, unplaced)     0.259    -1.070    core_clk
                         FDRE                                         r  run_req_sync_r_reg[1]/C
                         clock pessimism              0.280    -0.790    
                         FDRE (Hold_fdre_C_D)         0.038    -0.752    run_req_sync_r_reg[1]
  -------------------------------------------------------------------
                         required time                          0.752    
                         arrival time                          -0.707    
  -------------------------------------------------------------------
                         slack                                  0.045    





Pulse Width Checks
--------------------------------------------------------------------------------------
Clock Name:         core_clk_raw
Waveform(ns):       { 0.000 2.857 }
Period(ns):         5.714
Sources:            { u_mmcm/CLKOUT0 }

Check Type        Corner  Lib Pin             Reference Pin  Required(ns)  Actual(ns)  Slack(ns)  Location  Pin
Min Period        n/a     RAMB18E1/CLKARDCLK  n/a            2.576         5.714       3.138                u_aes_gcm/u_core/u_aes_engine/GEN_DATA_SBOX[11].u_data_sbox/GEN_REGISTERED_OUTPUT.co_r_reg/CLKARDCLK
Max Period        n/a     MMCME2_ADV/CLKOUT0  n/a            213.360       5.714       207.646              u_mmcm/CLKOUT0
Low Pulse Width   Slow    RAMD32/CLK          n/a            1.250         2.857       1.607                u_aes_gcm/u_core/plain_bank0_reg_r1_0_15_0_5/RAMA/CLK
High Pulse Width  Slow    RAMD32/CLK          n/a            1.250         2.857       1.607                u_aes_gcm/u_core/plain_bank0_reg_r1_0_15_0_5/RAMA/CLK



---------------------------------------------------------------------------------------------------
From Clock:  mmcm_clkfb_raw
  To Clock:  mmcm_clkfb_raw

Setup :           NA  Failing Endpoints,  Worst Slack           NA  ,  Total Violation           NA
Hold  :           NA  Failing Endpoints,  Worst Slack           NA  ,  Total Violation           NA
PW    :            0  Failing Endpoints,  Worst Slack        7.845ns,  Total Violation        0.000ns
---------------------------------------------------------------------------------------------------


Pulse Width Checks
--------------------------------------------------------------------------------------
Clock Name:         mmcm_clkfb_raw
Waveform(ns):       { 0.000 5.000 }
Period(ns):         10.000
Sources:            { u_mmcm/CLKFBOUT }

Check Type  Corner  Lib Pin             Reference Pin  Required(ns)  Actual(ns)  Slack(ns)  Location  Pin
Min Period  n/a     BUFG/I              n/a            2.155         10.000      7.845                u_feedback_buf/I
Max Period  n/a     MMCME2_ADV/CLKFBIN  n/a            100.000       10.000      90.000               u_mmcm/CLKFBIN



--------------------------------------------------------------------------------------
Path Group:  (none)
From Clock:  core_clk_raw
  To Clock:  

Max Delay             5 Endpoints
Min Delay             5 Endpoints
--------------------------------------------------------------------------------------


Max Delay Paths
--------------------------------------------------------------------------------------
Slack:                    inf
  Source:                 u_bridge/eng_state_r_reg[1]/C
                            (rising edge-triggered cell FDRE clocked by core_clk_raw  {rise@0.000ns fall@2.857ns period=5.714ns})
  Destination:            led[1]
                            (output port)
  Path Group:             (none)
  Path Type:              Max at Slow Process Corner
  Data Path Delay:        6.606ns  (logic 4.426ns (66.989%)  route 2.181ns (33.011%))
  Logic Levels:           3  (LUT5=2 OBUF=1)
  Clock Uncertainty:      0.193ns  ((TSJ^2 + DJ^2)^1/2) / 2 + PE
    Total System Jitter     (TSJ):    0.050ns
    Discrete Jitter          (DJ):    0.132ns
    Phase Error              (PE):    0.123ns
  Timing Exception:       False Path

    Location             Delay type                Incr(ns)  Path(ns)    Netlist Resource(s)
  -------------------------------------------------------------------    -------------------
                         (clock core_clk_raw rise edge)
                                                      0.000     0.000 r  
    E3                                                0.000     0.000 r  clk (IN)
                         net (fo=0)                   0.000     0.000    clk
    E3                   IBUF (Prop_ibuf_I_O)         1.482     1.482 r  clk_IBUF_inst/O
                         net (fo=1, unplaced)         0.584     2.066    clk_IBUF
                         MMCME2_ADV (Prop_mmcme2_adv_CLKIN1_CLKOUT0)
                                                     -5.111    -3.045 r  u_mmcm/CLKOUT0
                         net (fo=1, unplaced)         0.803    -2.242    core_clk_raw
                         BUFG (Prop_bufg_I_O)         0.096    -2.146 r  u_core_clk_buf/O
                         net (fo=11062, unplaced)     0.584    -1.562    u_bridge/core_clk
                         FDRE                                         r  u_bridge/eng_state_r_reg[1]/C
  -------------------------------------------------------------------    -------------------
                         FDRE (Prop_fdre_C_Q)         0.478    -1.084 r  u_bridge/eng_state_r_reg[1]/Q
                         net (fo=72, unplaced)        0.897    -0.187    u_bridge/eng_state_r[1]
                         LUT5 (Prop_lut5_I0_O)        0.321     0.134 f  u_bridge/led_OBUF[1]_inst_i_2/O
                         net (fo=6, unplaced)         0.481     0.615    u_bridge/u_uart_tx/run_request_r_reg_3
                         LUT5 (Prop_lut5_I3_O)        0.116     0.731 r  u_bridge/u_uart_tx/led_OBUF[1]_inst_i_1/O
                         net (fo=1, unplaced)         0.803     1.534    led_OBUF[1]
    J5                   OBUF (Prop_obuf_I_O)         3.511     5.044 r  led_OBUF[1]_inst/O
                         net (fo=0)                   0.000     5.044    led[1]
    J5                                                                r  led[1] (OUT)
  -------------------------------------------------------------------    -------------------





Min Delay Paths
--------------------------------------------------------------------------------------
Slack:                    inf
  Source:                 u_bridge/u_uart_tx/tx_reg/C
                            (rising edge-triggered cell FDSE clocked by core_clk_raw  {rise@0.000ns fall@2.857ns period=5.714ns})
  Destination:            uart_rxd_out
                            (output port)
  Path Group:             (none)
  Path Type:              Min at Fast Process Corner
  Data Path Delay:        1.763ns  (logic 1.424ns (80.803%)  route 0.338ns (19.197%))
  Logic Levels:           1  (OBUF=1)
  Clock Uncertainty:      0.193ns  ((TSJ^2 + DJ^2)^1/2) / 2 + PE
    Total System Jitter     (TSJ):    0.050ns
    Discrete Jitter          (DJ):    0.132ns
    Phase Error              (PE):    0.123ns
  Timing Exception:       False Path

    Location             Delay type                Incr(ns)  Path(ns)    Netlist Resource(s)
  -------------------------------------------------------------------    -------------------
                         (clock core_clk_raw rise edge)
                                                      0.000     0.000 r  
    E3                                                0.000     0.000 r  clk (IN)
                         net (fo=0)                   0.000     0.000    clk
    E3                   IBUF (Prop_ibuf_I_O)         0.250     0.250 r  clk_IBUF_inst/O
                         net (fo=1, unplaced)         0.114     0.364    clk_IBUF
                         MMCME2_ADV (Prop_mmcme2_adv_CLKIN1_CLKOUT0)
                                                     -1.777    -1.414 r  u_mmcm/CLKOUT0
                         net (fo=1, unplaced)         0.338    -1.075    core_clk_raw
                         BUFG (Prop_bufg_I_O)         0.026    -1.049 r  u_core_clk_buf/O
                         net (fo=11062, unplaced)     0.114    -0.935    u_bridge/u_uart_tx/core_clk
                         FDSE                                         r  u_bridge/u_uart_tx/tx_reg/C
  -------------------------------------------------------------------    -------------------
                         FDSE (Prop_fdse_C_Q)         0.147    -0.788 r  u_bridge/u_uart_tx/tx_reg/Q
                         net (fo=1, unplaced)         0.338    -0.450    uart_rxd_out_OBUF
    D10                  OBUF (Prop_obuf_I_O)         1.277     0.828 r  uart_rxd_out_OBUF_inst/O
                         net (fo=0)                   0.000     0.828    uart_rxd_out
    D10                                                               r  uart_rxd_out (OUT)
  -------------------------------------------------------------------    -------------------





--------------------------------------------------------------------------------------
Path Group:  (none)
From Clock:  
  To Clock:  core_clk_raw

Max Delay             2 Endpoints
Min Delay             2 Endpoints
--------------------------------------------------------------------------------------


Max Delay Paths
--------------------------------------------------------------------------------------
Slack:                    inf
  Source:                 rst_btn
                            (input port)
  Destination:            run_req_sync_r_reg[0]/D
                            (rising edge-triggered cell FDRE clocked by core_clk_raw  {rise@0.000ns fall@2.857ns period=5.714ns})
  Path Group:             (none)
  Path Type:              Setup (Max at Slow Process Corner)
  Data Path Delay:        2.434ns  (logic 1.631ns (67.016%)  route 0.803ns (32.984%))
  Logic Levels:           2  (IBUF=1 LUT2=1)
  Clock Path Skew:        -2.238ns (DCD - SCD + CPR)
    Destination Clock Delay (DCD):    -2.238ns
    Source Clock Delay      (SCD):    0.000ns
    Clock Pessimism Removal (CPR):    0.000ns
  Timing Exception:       False Path

    Location             Delay type                Incr(ns)  Path(ns)    Netlist Resource(s)
  -------------------------------------------------------------------    -------------------
    C2                                                0.000     0.000 r  rst_btn (IN)
                         net (fo=0)                   0.000     0.000    rst_btn
    C2                   IBUF (Prop_ibuf_I_O)         1.507     1.507 r  rst_btn_IBUF_inst/O
                         net (fo=1, unplaced)         0.803     2.310    rst_btn_IBUF
                         LUT2 (Prop_lut2_I1_O)        0.124     2.434 r  run_req_sync_r[0]_i_1/O
                         net (fo=1, unplaced)         0.000     2.434    p_1_out[0]
                         FDRE                                         r  run_req_sync_r_reg[0]/D
  -------------------------------------------------------------------    -------------------

                         (clock core_clk_raw rise edge)
                                                      0.000     0.000 r  
    E3                                                0.000     0.000 r  clk (IN)
                         net (fo=0)                   0.000     0.000    clk
    E3                   IBUF (Prop_ibuf_I_O)         1.411     1.411 r  clk_IBUF_inst/O
                         net (fo=1, unplaced)         0.439     1.850    clk_IBUF
                         MMCME2_ADV (Prop_mmcme2_adv_CLKIN1_CLKOUT0)
                                                     -5.381    -3.530 r  u_mmcm/CLKOUT0
                         net (fo=1, unplaced)         0.763    -2.768    core_clk_raw
                         BUFG (Prop_bufg_I_O)         0.091    -2.677 r  u_core_clk_buf/O
                         net (fo=11062, unplaced)     0.439    -2.238    core_clk
                         FDRE                                         r  run_req_sync_r_reg[0]/C





Min Delay Paths
--------------------------------------------------------------------------------------
Slack:                    inf
  Source:                 uart_txd_in
                            (input port)
  Destination:            u_bridge/u_uart_rx/rx_meta_reg/D
                            (rising edge-triggered cell FDSE clocked by core_clk_raw  {rise@0.000ns fall@2.857ns period=5.714ns})
  Path Group:             (none)
  Path Type:              Hold (Min at Fast Process Corner)
  Data Path Delay:        0.632ns  (logic 0.294ns (46.470%)  route 0.338ns (53.530%))
  Logic Levels:           1  (IBUF=1)
  Clock Path Skew:        -1.070ns (DCD - SCD - CPR)
    Destination Clock Delay (DCD):    -1.070ns
    Source Clock Delay      (SCD):    0.000ns
    Clock Pessimism Removal (CPR):    -0.000ns
  Timing Exception:       False Path

    Location             Delay type                Incr(ns)  Path(ns)    Netlist Resource(s)
  -------------------------------------------------------------------    -------------------
    A9                                                0.000     0.000 r  uart_txd_in (IN)
                         net (fo=0)                   0.000     0.000    uart_txd_in
    A9                   IBUF (Prop_ibuf_I_O)         0.294     0.294 r  uart_txd_in_IBUF_inst/O
                         net (fo=1, unplaced)         0.338     0.632    u_bridge/u_uart_rx/rx
                         FDSE                                         r  u_bridge/u_uart_rx/rx_meta_reg/D
  -------------------------------------------------------------------    -------------------

                         (clock core_clk_raw rise edge)
                                                      0.000     0.000 r  
    E3                                                0.000     0.000 r  clk (IN)
                         net (fo=0)                   0.000     0.000    clk
    E3                   IBUF (Prop_ibuf_I_O)         0.438     0.438 r  clk_IBUF_inst/O
                         net (fo=1, unplaced)         0.259     0.697    clk_IBUF
                         MMCME2_ADV (Prop_mmcme2_adv_CLKIN1_CLKOUT0)
                                                     -2.411    -1.715 r  u_mmcm/CLKOUT0
                         net (fo=1, unplaced)         0.356    -1.358    core_clk_raw
                         BUFG (Prop_bufg_I_O)         0.029    -1.329 r  u_core_clk_buf/O
                         net (fo=11062, unplaced)     0.259    -1.070    u_bridge/u_uart_rx/core_clk
                         FDSE                                         r  u_bridge/u_uart_rx/rx_meta_reg/C





--------------------------------------------------------------------------------------
Path Group:  (none)
From Clock:  mmcm_clkfb_raw
  To Clock:  

Max Delay             1 Endpoint
Min Delay             1 Endpoint
--------------------------------------------------------------------------------------


Max Delay Paths
--------------------------------------------------------------------------------------
Slack:                    inf
  Source:                 u_mmcm/CLKFBOUT
                            (clock source 'mmcm_clkfb_raw'  {rise@0.000ns fall@5.000ns period=10.000ns})
  Destination:            u_mmcm/CLKFBIN
  Path Group:             (none)
  Path Type:              Max at Fast Process Corner
  Data Path Delay:        0.644ns  (logic 0.029ns (4.501%)  route 0.615ns (95.499%))
  Logic Levels:           1  (BUFG=1)
  Clock Uncertainty:      0.179ns  ((TSJ^2 + DJ^2)^1/2) / 2 + PE
    Total System Jitter     (TSJ):    0.050ns
    Discrete Jitter          (DJ):    0.101ns
    Phase Error              (PE):    0.123ns

    Location             Delay type                Incr(ns)  Path(ns)    Netlist Resource(s)
  -------------------------------------------------------------------    -------------------
                         (clock mmcm_clkfb_raw fall edge)
                                                      5.000     5.000 f  
    E3                                                0.000     5.000 f  clk (IN)
                         net (fo=0)                   0.000     5.000    clk
    E3                   IBUF (Prop_ibuf_I_O)         0.438     5.438 f  clk_IBUF_inst/O
                         net (fo=1, unplaced)         0.259     5.697    clk_IBUF
  -------------------------------------------------------------------    -------------------
                         MMCME2_ADV (Prop_mmcme2_adv_CLKIN1_CLKFBOUT)
                                                     -2.411     3.285 f  u_mmcm/CLKFBOUT
                         net (fo=1, unplaced)         0.356     3.642    mmcm_clkfb_raw
                         BUFG (Prop_bufg_I_O)         0.029     3.671 f  u_feedback_buf/O
                         net (fo=1, unplaced)         0.259     3.930    mmcm_clkfb
                         MMCME2_ADV                                   f  u_mmcm/CLKFBIN
  -------------------------------------------------------------------    -------------------





Min Delay Paths
--------------------------------------------------------------------------------------
Slack:                    inf
  Source:                 u_mmcm/CLKFBOUT
                            (clock source 'mmcm_clkfb_raw'  {rise@0.000ns fall@5.000ns period=10.000ns})
  Destination:            u_mmcm/CLKFBIN
  Path Group:             (none)
  Path Type:              Min at Slow Process Corner
  Data Path Delay:        1.293ns  (logic 0.091ns (7.039%)  route 1.202ns (92.961%))
  Logic Levels:           1  (BUFG=1)
  Clock Uncertainty:      0.179ns  ((TSJ^2 + DJ^2)^1/2) / 2 + PE
    Total System Jitter     (TSJ):    0.050ns
    Discrete Jitter          (DJ):    0.101ns
    Phase Error              (PE):    0.123ns

    Location             Delay type                Incr(ns)  Path(ns)    Netlist Resource(s)
  -------------------------------------------------------------------    -------------------
                         (clock mmcm_clkfb_raw rise edge)
                                                      0.000     0.000 r  
    E3                                                0.000     0.000 r  clk (IN)
                         net (fo=0)                   0.000     0.000    clk
    E3                   IBUF (Prop_ibuf_I_O)         1.411     1.411 r  clk_IBUF_inst/O
                         net (fo=1, unplaced)         0.439     1.850    clk_IBUF
  -------------------------------------------------------------------    -------------------
                         MMCME2_ADV (Prop_mmcme2_adv_CLKIN1_CLKFBOUT)
                                                     -5.381    -3.530 r  u_mmcm/CLKFBOUT
                         net (fo=1, unplaced)         0.763    -2.768    mmcm_clkfb_raw
                         BUFG (Prop_bufg_I_O)         0.091    -2.677 r  u_feedback_buf/O
                         net (fo=1, unplaced)         0.439    -2.238    mmcm_clkfb
                         MMCME2_ADV                                   r  u_mmcm/CLKFBIN
  -------------------------------------------------------------------    -------------------





