Copyright 1986-2021 Xilinx, Inc. All Rights Reserved.
------------------------------------------------------------------------------------------------------------------------------------------------------------------
| Tool Version : Vivado v.2021.1 (win64) Build 3247384 Thu Jun 10 19:36:33 MDT 2021
| Date         : Sun Aug 23 22:53:36 2026
| Host         : DESKTOP-IO47298 running 64-bit major release  (build 9200)
| Command      : report_timing -delay_type max -max_paths 1 -nworst 1 -file C:/project/FPGA3/docs/report/figures/vivado/vivado_synthesis_critical_path_timing.rpt
| Design       : arty_a7_100t_aes_gcm_uart_rsp_top
| Device       : 7a100t-csg324
| Speed File   : -1  PRODUCTION 1.23 2018-06-13
------------------------------------------------------------------------------------------------------------------------------------------------------------------

Timing Report

Slack (VIOLATED) :        -0.298ns  (required time - arrival time)
  Source:                 u_bridge/ct_len_r_reg[4]/C
                            (rising edge-triggered cell FDRE clocked by core_clk_raw  {rise@0.000ns fall@2.857ns period=5.714ns})
  Destination:            u_bridge/stream_total_bytes_r_reg[8]/D
                            (rising edge-triggered cell FDRE clocked by core_clk_raw  {rise@0.000ns fall@2.857ns period=5.714ns})
  Path Group:             core_clk_raw
  Path Type:              Setup (Max at Slow Process Corner)
  Requirement:            5.714ns  (core_clk_raw rise@5.714ns - core_clk_raw rise@0.000ns)
  Data Path Delay:        5.868ns  (logic 2.208ns (37.628%)  route 3.660ns (62.372%))
  Logic Levels:           6  (CARRY4=2 LUT3=1 LUT4=1 LUT5=1 LUT6=1)
  Clock Path Skew:        -0.145ns (DCD - SCD + CPR)
    Destination Clock Delay (DCD):    -2.238ns = ( 3.477 - 5.714 ) 
    Source Clock Delay      (SCD):    -1.562ns
    Clock Pessimism Removal (CPR):    0.531ns
  Clock Uncertainty:      0.075ns  ((TSJ^2 + DJ^2)^1/2) / 2 + PE
    Total System Jitter     (TSJ):    0.071ns
    Discrete Jitter          (DJ):    0.132ns
    Phase Error              (PE):    0.000ns

    Location             Delay type                Incr(ns)  Path(ns)    Netlist Resource(s)
  -------------------------------------------------------------------    -------------------
                         (clock core_clk_raw rise edge)
                                                      0.000     0.000 r  
    E3                                                0.000     0.000 r  clk (IN)
                         net (fo=0)                   0.000     0.000    clk
    E3                   IBUF (Prop_ibuf_I_O)         1.482     1.482 r  clk_IBUF_inst/O
                         net (fo=1, unplaced)         0.584     2.066    clk_IBUF
                         MMCME2_ADV (Prop_mmcme2_adv_CLKIN1_CLKOUT0)
                                                     -5.111    -3.045 r  u_mmcm/CLKOUT0
                         net (fo=1, unplaced)         0.803    -2.242    core_clk_raw
                         BUFG (Prop_bufg_I_O)         0.096    -2.146 r  u_core_clk_buf/O
                         net (fo=11062, unplaced)     0.584    -1.562    u_bridge/core_clk
                         FDRE                                         r  u_bridge/ct_len_r_reg[4]/C
  -------------------------------------------------------------------    -------------------
                         FDRE (Prop_fdre_C_Q)         0.478    -1.084 f  u_bridge/ct_len_r_reg[4]/Q
                         net (fo=5, unplaced)         0.791    -0.293    u_bridge/ct_len_r_reg_n_0_[4]
                         LUT3 (Prop_lut3_I0_O)        0.319     0.026 f  u_bridge/expected_data_bytes_r[3]_i_3/O
                         net (fo=5, unplaced)         0.969     0.995    u_bridge/expected_data_bytes_r[3]_i_3_n_0
                         LUT5 (Prop_lut5_I0_O)        0.124     1.119 r  u_bridge/expected_data_bytes_r[3]_i_2/O
                         net (fo=1, unplaced)         0.449     1.568    u_bridge/expected_data_bytes_r[3]_i_2_n_0
                         LUT6 (Prop_lut6_I0_O)        0.124     1.692 r  u_bridge/expected_data_bytes_r[3]_i_1/O
                         net (fo=5, unplaced)         0.760     2.452    u_bridge/expected_data_bytes_r[3]_i_1_n_0
                         LUT4 (Prop_lut4_I0_O)        0.150     2.602 r  u_bridge/stream_total_bytes_r[7]_i_5/O
                         net (fo=2, unplaced)         0.691     3.293    u_bridge/stream_total_bytes_r[7]_i_5_n_0
                         CARRY4 (Prop_carry4_DI[0]_CO[3])
                                                      0.781     4.074 r  u_bridge/stream_total_bytes_r_reg[7]_i_1/CO[3]
                         net (fo=1, unplaced)         0.000     4.074    u_bridge/stream_total_bytes_r_reg[7]_i_1_n_0
                         CARRY4 (Prop_carry4_CI_O[0])
                                                      0.232     4.306 r  u_bridge/stream_total_bytes_r_reg[8]_i_2/O[0]
                         net (fo=1, unplaced)         0.000     4.306    u_bridge/stream_total_bytes_r_reg[8]_i_2_n_7
                         FDRE                                         r  u_bridge/stream_total_bytes_r_reg[8]/D
  -------------------------------------------------------------------    -------------------

                         (clock core_clk_raw rise edge)
                                                      5.714     5.714 r  
    E3                                                0.000     5.714 r  clk (IN)
                         net (fo=0)                   0.000     5.714    clk
    E3                   IBUF (Prop_ibuf_I_O)         1.411     7.126 r  clk_IBUF_inst/O
                         net (fo=1, unplaced)         0.439     7.565    clk_IBUF
                         MMCME2_ADV (Prop_mmcme2_adv_CLKIN1_CLKOUT0)
                                                     -5.381     2.184 r  u_mmcm/CLKOUT0
                         net (fo=1, unplaced)         0.763     2.947    core_clk_raw
                         BUFG (Prop_bufg_I_O)         0.091     3.038 r  u_core_clk_buf/O
                         net (fo=11062, unplaced)     0.439     3.477    u_bridge/core_clk
                         FDRE                                         r  u_bridge/stream_total_bytes_r_reg[8]/C
                         clock pessimism              0.531     4.007    
                         clock uncertainty           -0.075     3.932    
                         FDRE (Setup_fdre_C_D)        0.076     4.008    u_bridge/stream_total_bytes_r_reg[8]
  -------------------------------------------------------------------
                         required time                          4.008    
                         arrival time                          -4.306    
  -------------------------------------------------------------------
                         slack                                 -0.298    




