Copyright 1986-2021 Xilinx, Inc. All Rights Reserved.
--------------------------------------------------------------------------------------------------------------------------------------------------------
| Tool Version : Vivado v.2021.1 (win64) Build 3247384 Thu Jun 10 19:36:33 MDT 2021
| Date         : Sun Aug 23 22:48:44 2026
| Host         : DESKTOP-IO47298 running 64-bit major release  (build 9200)
| Command      : report_timing -delay_type max -max_paths 1 -nworst 1 -file C:/project/FPGA3/docs/report/figures/vivado/vivado_critical_path_timing.rpt
| Design       : arty_a7_100t_aes_gcm_uart_rsp_top
| Device       : 7a100t-csg324
| Speed File   : -1  PRODUCTION 1.23 2018-06-13
--------------------------------------------------------------------------------------------------------------------------------------------------------

Timing Report

Slack (MET) :             0.029ns  (required time - arrival time)
  Source:                 u_bridge/rx_payload_bytes_r_reg[1]/C
                            (rising edge-triggered cell FDRE clocked by core_clk_raw  {rise@0.000ns fall@2.857ns period=5.714ns})
  Destination:            u_bridge/key_cfg_r_reg[24]/D
                            (rising edge-triggered cell FDRE clocked by core_clk_raw  {rise@0.000ns fall@2.857ns period=5.714ns})
  Path Group:             core_clk_raw
  Path Type:              Setup (Max at Slow Process Corner)
  Requirement:            5.714ns  (core_clk_raw rise@5.714ns - core_clk_raw rise@0.000ns)
  Data Path Delay:        5.544ns  (logic 1.214ns (21.897%)  route 4.330ns (78.103%))
  Logic Levels:           5  (LUT3=1 LUT5=1 LUT6=3)
  Clock Path Skew:        -0.019ns (DCD - SCD + CPR)
    Destination Clock Delay (DCD):    -1.353ns = ( 4.361 - 5.714 ) 
    Source Clock Delay      (SCD):    -0.748ns
    Clock Pessimism Removal (CPR):    0.587ns
  Clock Uncertainty:      0.075ns  ((TSJ^2 + DJ^2)^1/2) / 2 + PE
    Total System Jitter     (TSJ):    0.071ns
    Discrete Jitter          (DJ):    0.132ns
    Phase Error              (PE):    0.000ns

    Location             Delay type                Incr(ns)  Path(ns)    Netlist Resource(s)
  -------------------------------------------------------------------    -------------------
                         (clock core_clk_raw rise edge)
                                                      0.000     0.000 r  
    E3                                                0.000     0.000 r  clk (IN)
                         net (fo=0)                   0.000     0.000    clk
    E3                   IBUF (Prop_ibuf_I_O)         1.482     1.482 r  clk_IBUF_inst/O
                         net (fo=1, routed)           1.233     2.715    clk_IBUF
    MMCME2_ADV_X1Y2      MMCME2_ADV (Prop_mmcme2_adv_CLKIN1_CLKOUT0)
                                                     -7.070    -4.355 r  u_mmcm/CLKOUT0
                         net (fo=1, routed)           1.719    -2.636    core_clk_raw
    BUFGCTRL_X0Y16       BUFG (Prop_bufg_I_O)         0.096    -2.540 r  u_core_clk_buf/O
                         net (fo=11093, routed)       1.792    -0.748    u_bridge/core_clk
    SLICE_X26Y174        FDRE                                         r  u_bridge/rx_payload_bytes_r_reg[1]/C
  -------------------------------------------------------------------    -------------------
    SLICE_X26Y174        FDRE (Prop_fdre_C_Q)         0.419    -0.329 r  u_bridge/rx_payload_bytes_r_reg[1]/Q
                         net (fo=6, routed)           0.965     0.637    u_bridge/rx_payload_bytes_r_reg_n_0_[1]
    SLICE_X27Y174        LUT6 (Prop_lut6_I3_O)        0.299     0.936 r  u_bridge/rx_state_r[1]_i_5/O
                         net (fo=2, routed)           0.595     1.531    u_bridge/rx_state_r[1]_i_5_n_0
    SLICE_X28Y174        LUT6 (Prop_lut6_I3_O)        0.124     1.655 r  u_bridge/i_1_LOPT_REMAP/O
                         net (fo=1, routed)           0.552     2.207    u_bridge/i_1/O_n
    SLICE_X29Y174        LUT6 (Prop_lut6_I4_O)        0.124     2.331 r  u_bridge/i_0_LOPT_REMAP/O
                         net (fo=2, routed)           0.516     2.847    u_bridge/key_cfg_r[252]_i_4_n_0
    SLICE_X36Y175        LUT5 (Prop_lut5_I1_O)        0.124     2.971 f  u_bridge/key_cfg_r[251]_i_2/O
                         net (fo=128, routed)         1.172     4.143    u_bridge/key_cfg_r[251]_i_2_n_0
    SLICE_X28Y168        LUT3 (Prop_lut3_I2_O)        0.124     4.267 r  u_bridge/key_cfg_r[24]_i_1/O
                         net (fo=1, routed)           0.529     4.797    u_bridge/key_cfg_r[24]_i_1_n_0
    SLICE_X24Y172        FDRE                                         r  u_bridge/key_cfg_r_reg[24]/D
  -------------------------------------------------------------------    -------------------

                         (clock core_clk_raw rise edge)
                                                      5.714     5.714 r  
    E3                                                0.000     5.714 r  clk (IN)
                         net (fo=0)                   0.000     5.714    clk
    E3                   IBUF (Prop_ibuf_I_O)         1.411     7.126 r  clk_IBUF_inst/O
                         net (fo=1, routed)           1.162     8.287    clk_IBUF
    MMCME2_ADV_X1Y2      MMCME2_ADV (Prop_mmcme2_adv_CLKIN1_CLKOUT0)
                                                     -7.324     0.964 r  u_mmcm/CLKOUT0
                         net (fo=1, routed)           1.639     2.603    core_clk_raw
    BUFGCTRL_X0Y16       BUFG (Prop_bufg_I_O)         0.091     2.694 r  u_core_clk_buf/O
                         net (fo=11093, routed)       1.667     4.361    u_bridge/core_clk
    SLICE_X24Y172        FDRE                                         r  u_bridge/key_cfg_r_reg[24]/C
                         clock pessimism              0.587     4.948    
                         clock uncertainty           -0.075     4.873    
    SLICE_X24Y172        FDRE (Setup_fdre_C_D)       -0.047     4.826    u_bridge/key_cfg_r_reg[24]
  -------------------------------------------------------------------
                         required time                          4.826    
                         arrival time                          -4.797    
  -------------------------------------------------------------------
                         slack                                  0.029    




