Copyright 1986-2021 Xilinx, Inc. All Rights Reserved.
---------------------------------------------------------------------------------------------------------------------------------------------------------------------
| Tool Version : Vivado v.2021.1 (win64) Build 3247384 Thu Jun 10 19:36:33 MDT 2021
| Date         : Mon Aug 24 03:22:27 2026
| Host         : DESKTOP-IO47298 running 64-bit major release  (build 9200)
| Command      : report_timing -delay_type max -max_paths 10 -nworst 1 -input_pins -file C:/project/FPGA3/docs/report/figures/vivado_native/05_worst_setup_paths.rpt
| Design       : arty_a7_100t_aes_gcm_uart_rsp_top
| Device       : 7a100t-csg324
| Speed File   : -1  PRODUCTION 1.23 2018-06-13
---------------------------------------------------------------------------------------------------------------------------------------------------------------------

Timing Report

Slack (MET) :             0.029ns  (required time - arrival time)
  Source:                 u_bridge/rx_payload_bytes_r_reg[1]/C
                            (rising edge-triggered cell FDRE clocked by core_clk_raw  {rise@0.000ns fall@2.857ns period=5.714ns})
  Destination:            u_bridge/key_cfg_r_reg[24]/D
                            (rising edge-triggered cell FDRE clocked by core_clk_raw  {rise@0.000ns fall@2.857ns period=5.714ns})
  Path Group:             core_clk_raw
  Path Type:              Setup (Max at Slow Process Corner)
  Requirement:            5.714ns  (core_clk_raw rise@5.714ns - core_clk_raw rise@0.000ns)
  Data Path Delay:        5.544ns  (logic 1.214ns (21.897%)  route 4.330ns (78.103%))
  Logic Levels:           5  (LUT3=1 LUT5=1 LUT6=3)
  Clock Path Skew:        -0.019ns (DCD - SCD + CPR)
    Destination Clock Delay (DCD):    -1.353ns = ( 4.361 - 5.714 ) 
    Source Clock Delay      (SCD):    -0.748ns
    Clock Pessimism Removal (CPR):    0.587ns
  Clock Uncertainty:      0.075ns  ((TSJ^2 + DJ^2)^1/2) / 2 + PE
    Total System Jitter     (TSJ):    0.071ns
    Discrete Jitter          (DJ):    0.132ns
    Phase Error              (PE):    0.000ns

    Location             Delay type                Incr(ns)  Path(ns)    Netlist Resource(s)
  -------------------------------------------------------------------    -------------------
                         (clock core_clk_raw rise edge)
                                                      0.000     0.000 r  
    E3                                                0.000     0.000 r  clk (IN)
                         net (fo=0)                   0.000     0.000    clk
    E3                                                                r  clk_IBUF_inst/I
    E3                   IBUF (Prop_ibuf_I_O)         1.482     1.482 r  clk_IBUF_inst/O
                         net (fo=1, routed)           1.233     2.715    clk_IBUF
    MMCME2_ADV_X1Y2                                                   r  u_mmcm/CLKIN1
    MMCME2_ADV_X1Y2      MMCME2_ADV (Prop_mmcme2_adv_CLKIN1_CLKOUT0)
                                                     -7.070    -4.355 r  u_mmcm/CLKOUT0
                         net (fo=1, routed)           1.719    -2.636    core_clk_raw
    BUFGCTRL_X0Y16                                                    r  u_core_clk_buf/I
    BUFGCTRL_X0Y16       BUFG (Prop_bufg_I_O)         0.096    -2.540 r  u_core_clk_buf/O
                         net (fo=11093, routed)       1.792    -0.748    u_bridge/core_clk
    SLICE_X26Y174        FDRE                                         r  u_bridge/rx_payload_bytes_r_reg[1]/C
  -------------------------------------------------------------------    -------------------
    SLICE_X26Y174        FDRE (Prop_fdre_C_Q)         0.419    -0.329 r  u_bridge/rx_payload_bytes_r_reg[1]/Q
                         net (fo=6, routed)           0.965     0.637    u_bridge/rx_payload_bytes_r_reg_n_0_[1]
    SLICE_X27Y174                                                     r  u_bridge/rx_state_r[1]_i_5/I3
    SLICE_X27Y174        LUT6 (Prop_lut6_I3_O)        0.299     0.936 r  u_bridge/rx_state_r[1]_i_5/O
                         net (fo=2, routed)           0.595     1.531    u_bridge/rx_state_r[1]_i_5_n_0
    SLICE_X28Y174                                                     r  u_bridge/i_1_LOPT_REMAP/I3
    SLICE_X28Y174        LUT6 (Prop_lut6_I3_O)        0.124     1.655 r  u_bridge/i_1_LOPT_REMAP/O
                         net (fo=1, routed)           0.552     2.207    u_bridge/i_1/O_n
    SLICE_X29Y174                                                     r  u_bridge/i_0_LOPT_REMAP/I4
    SLICE_X29Y174        LUT6 (Prop_lut6_I4_O)        0.124     2.331 r  u_bridge/i_0_LOPT_REMAP/O
                         net (fo=2, routed)           0.516     2.847    u_bridge/key_cfg_r[252]_i_4_n_0
    SLICE_X36Y175                                                     r  u_bridge/key_cfg_r[251]_i_2/I1
    SLICE_X36Y175        LUT5 (Prop_lut5_I1_O)        0.124     2.971 f  u_bridge/key_cfg_r[251]_i_2/O
                         net (fo=128, routed)         1.172     4.143    u_bridge/key_cfg_r[251]_i_2_n_0
    SLICE_X28Y168                                                     f  u_bridge/key_cfg_r[24]_i_1/I2
    SLICE_X28Y168        LUT3 (Prop_lut3_I2_O)        0.124     4.267 r  u_bridge/key_cfg_r[24]_i_1/O
                         net (fo=1, routed)           0.529     4.797    u_bridge/key_cfg_r[24]_i_1_n_0
    SLICE_X24Y172        FDRE                                         r  u_bridge/key_cfg_r_reg[24]/D
  -------------------------------------------------------------------    -------------------

                         (clock core_clk_raw rise edge)
                                                      5.714     5.714 r  
    E3                                                0.000     5.714 r  clk (IN)
                         net (fo=0)                   0.000     5.714    clk
    E3                                                                r  clk_IBUF_inst/I
    E3                   IBUF (Prop_ibuf_I_O)         1.411     7.126 r  clk_IBUF_inst/O
                         net (fo=1, routed)           1.162     8.287    clk_IBUF
    MMCME2_ADV_X1Y2                                                   r  u_mmcm/CLKIN1
    MMCME2_ADV_X1Y2      MMCME2_ADV (Prop_mmcme2_adv_CLKIN1_CLKOUT0)
                                                     -7.324     0.964 r  u_mmcm/CLKOUT0
                         net (fo=1, routed)           1.639     2.603    core_clk_raw
    BUFGCTRL_X0Y16                                                    r  u_core_clk_buf/I
    BUFGCTRL_X0Y16       BUFG (Prop_bufg_I_O)         0.091     2.694 r  u_core_clk_buf/O
                         net (fo=11093, routed)       1.667     4.361    u_bridge/core_clk
    SLICE_X24Y172        FDRE                                         r  u_bridge/key_cfg_r_reg[24]/C
                         clock pessimism              0.587     4.948    
                         clock uncertainty           -0.075     4.873    
    SLICE_X24Y172        FDRE (Setup_fdre_C_D)       -0.047     4.826    u_bridge/key_cfg_r_reg[24]
  -------------------------------------------------------------------
                         required time                          4.826    
                         arrival time                          -4.797    
  -------------------------------------------------------------------
                         slack                                  0.029    

Slack (MET) :             0.032ns  (required time - arrival time)
  Source:                 u_aes_gcm/u_core/abort_queue_clear_reg/C
                            (rising edge-triggered cell FDRE clocked by core_clk_raw  {rise@0.000ns fall@2.857ns period=5.714ns})
  Destination:            u_aes_gcm/u_core/dataq0_block_r_reg[69]/CE
                            (rising edge-triggered cell FDRE clocked by core_clk_raw  {rise@0.000ns fall@2.857ns period=5.714ns})
  Path Group:             core_clk_raw
  Path Type:              Setup (Max at Slow Process Corner)
  Requirement:            5.714ns  (core_clk_raw rise@5.714ns - core_clk_raw rise@0.000ns)
  Data Path Delay:        5.325ns  (logic 0.952ns (17.879%)  route 4.373ns (82.121%))
  Logic Levels:           4  (LUT2=1 LUT5=1 LUT6=2)
  Clock Path Skew:        -0.113ns (DCD - SCD + CPR)
    Destination Clock Delay (DCD):    -1.536ns = ( 4.178 - 5.714 ) 
    Source Clock Delay      (SCD):    -0.934ns
    Clock Pessimism Removal (CPR):    0.488ns
  Clock Uncertainty:      0.075ns  ((TSJ^2 + DJ^2)^1/2) / 2 + PE
    Total System Jitter     (TSJ):    0.071ns
    Discrete Jitter          (DJ):    0.132ns
    Phase Error              (PE):    0.000ns

    Location             Delay type                Incr(ns)  Path(ns)    Netlist Resource(s)
  -------------------------------------------------------------------    -------------------
                         (clock core_clk_raw rise edge)
                                                      0.000     0.000 r  
    E3                                                0.000     0.000 r  clk (IN)
                         net (fo=0)                   0.000     0.000    clk
    E3                                                                r  clk_IBUF_inst/I
    E3                   IBUF (Prop_ibuf_I_O)         1.482     1.482 r  clk_IBUF_inst/O
                         net (fo=1, routed)           1.233     2.715    clk_IBUF
    MMCME2_ADV_X1Y2                                                   r  u_mmcm/CLKIN1
    MMCME2_ADV_X1Y2      MMCME2_ADV (Prop_mmcme2_adv_CLKIN1_CLKOUT0)
                                                     -7.070    -4.355 r  u_mmcm/CLKOUT0
                         net (fo=1, routed)           1.719    -2.636    core_clk_raw
    BUFGCTRL_X0Y16                                                    r  u_core_clk_buf/I
    BUFGCTRL_X0Y16       BUFG (Prop_bufg_I_O)         0.096    -2.540 r  u_core_clk_buf/O
                         net (fo=11093, routed)       1.606    -0.934    u_aes_gcm/u_core/core_clk
    SLICE_X47Y130        FDRE                                         r  u_aes_gcm/u_core/abort_queue_clear_reg/C
  -------------------------------------------------------------------    -------------------
    SLICE_X47Y130        FDRE (Prop_fdre_C_Q)         0.456    -0.478 f  u_aes_gcm/u_core/abort_queue_clear_reg/Q
                         net (fo=52, routed)          0.636     0.158    u_aes_gcm/u_registers/aes_first_result_valid_r_reg_0
    SLICE_X44Y131                                                     f  u_aes_gcm/u_registers/count_r[2]_i_2/I1
    SLICE_X44Y131        LUT2 (Prop_lut2_I1_O)        0.124     0.282 f  u_aes_gcm/u_registers/count_r[2]_i_2/O
                         net (fo=19, routed)          0.822     1.104    u_aes_gcm/u_core/u_keystream_fifo/queue_clear
    SLICE_X54Y129                                                     f  u_aes_gcm/u_core/u_keystream_fifo/i_3_LOPT_REMAP_1/I5
    SLICE_X54Y129        LUT6 (Prop_lut6_I5_O)        0.124     1.228 f  u_aes_gcm/u_core/u_keystream_fifo/i_3_LOPT_REMAP_1/O
                         net (fo=1, routed)           0.567     1.796    u_aes_gcm/u_core/u_keystream_fifo/i_3/O_n_1
    SLICE_X53Y129                                                     f  u_aes_gcm/u_core/u_keystream_fifo/i_0_LOPT_REMAP_1/I4
    SLICE_X53Y129        LUT5 (Prop_lut5_I4_O)        0.124     1.920 r  u_aes_gcm/u_core/u_keystream_fifo/i_0_LOPT_REMAP_1/O
                         net (fo=13, routed)          1.217     3.137    u_aes_gcm/u_core/u_keystream_fifo/data_block_consume_w
    SLICE_X52Y125                                                     r  u_aes_gcm/u_core/u_keystream_fifo/dataq0_last_r_i_1_comp/I3
    SLICE_X52Y125        LUT6 (Prop_lut6_I3_O)        0.124     3.261 r  u_aes_gcm/u_core/u_keystream_fifo/dataq0_last_r_i_1_comp/O
                         net (fo=140, routed)         1.130     4.391    u_aes_gcm/u_core/dataq0_bytes_r
    SLICE_X62Y118        FDRE                                         r  u_aes_gcm/u_core/dataq0_block_r_reg[69]/CE
  -------------------------------------------------------------------    -------------------

                         (clock core_clk_raw rise edge)
                                                      5.714     5.714 r  
    E3                                                0.000     5.714 r  clk (IN)
                         net (fo=0)                   0.000     5.714    clk
    E3                                                                r  clk_IBUF_inst/I
    E3                   IBUF (Prop_ibuf_I_O)         1.411     7.126 r  clk_IBUF_inst/O
                         net (fo=1, routed)           1.162     8.287    clk_IBUF
    MMCME2_ADV_X1Y2                                                   r  u_mmcm/CLKIN1
    MMCME2_ADV_X1Y2      MMCME2_ADV (Prop_mmcme2_adv_CLKIN1_CLKOUT0)
                                                     -7.324     0.964 r  u_mmcm/CLKOUT0
                         net (fo=1, routed)           1.639     2.603    core_clk_raw
    BUFGCTRL_X0Y16                                                    r  u_core_clk_buf/I
    BUFGCTRL_X0Y16       BUFG (Prop_bufg_I_O)         0.091     2.694 r  u_core_clk_buf/O
                         net (fo=11093, routed)       1.485     4.178    u_aes_gcm/u_core/core_clk
    SLICE_X62Y118        FDRE                                         r  u_aes_gcm/u_core/dataq0_block_r_reg[69]/C
                         clock pessimism              0.488     4.667    
                         clock uncertainty           -0.075     4.592    
    SLICE_X62Y118        FDRE (Setup_fdre_C_CE)      -0.169     4.423    u_aes_gcm/u_core/dataq0_block_r_reg[69]
  -------------------------------------------------------------------
                         required time                          4.423    
                         arrival time                          -4.391    
  -------------------------------------------------------------------
                         slack                                  0.032    

Slack (MET) :             0.035ns  (required time - arrival time)
  Source:                 u_aes_gcm/u_core/abort_queue_clear_reg/C
                            (rising edge-triggered cell FDRE clocked by core_clk_raw  {rise@0.000ns fall@2.857ns period=5.714ns})
  Destination:            u_aes_gcm/u_core/dataq0_block_r_reg[24]/CE
                            (rising edge-triggered cell FDRE clocked by core_clk_raw  {rise@0.000ns fall@2.857ns period=5.714ns})
  Path Group:             core_clk_raw
  Path Type:              Setup (Max at Slow Process Corner)
  Requirement:            5.714ns  (core_clk_raw rise@5.714ns - core_clk_raw rise@0.000ns)
  Data Path Delay:        5.285ns  (logic 0.952ns (18.015%)  route 4.333ns (81.985%))
  Logic Levels:           4  (LUT2=1 LUT5=1 LUT6=2)
  Clock Path Skew:        -0.115ns (DCD - SCD + CPR)
    Destination Clock Delay (DCD):    -1.538ns = ( 4.176 - 5.714 ) 
    Source Clock Delay      (SCD):    -0.934ns
    Clock Pessimism Removal (CPR):    0.488ns
  Clock Uncertainty:      0.075ns  ((TSJ^2 + DJ^2)^1/2) / 2 + PE
    Total System Jitter     (TSJ):    0.071ns
    Discrete Jitter          (DJ):    0.132ns
    Phase Error              (PE):    0.000ns

    Location             Delay type                Incr(ns)  Path(ns)    Netlist Resource(s)
  -------------------------------------------------------------------    -------------------
                         (clock core_clk_raw rise edge)
                                                      0.000     0.000 r  
    E3                                                0.000     0.000 r  clk (IN)
                         net (fo=0)                   0.000     0.000    clk
    E3                                                                r  clk_IBUF_inst/I
    E3                   IBUF (Prop_ibuf_I_O)         1.482     1.482 r  clk_IBUF_inst/O
                         net (fo=1, routed)           1.233     2.715    clk_IBUF
    MMCME2_ADV_X1Y2                                                   r  u_mmcm/CLKIN1
    MMCME2_ADV_X1Y2      MMCME2_ADV (Prop_mmcme2_adv_CLKIN1_CLKOUT0)
                                                     -7.070    -4.355 r  u_mmcm/CLKOUT0
                         net (fo=1, routed)           1.719    -2.636    core_clk_raw
    BUFGCTRL_X0Y16                                                    r  u_core_clk_buf/I
    BUFGCTRL_X0Y16       BUFG (Prop_bufg_I_O)         0.096    -2.540 r  u_core_clk_buf/O
                         net (fo=11093, routed)       1.606    -0.934    u_aes_gcm/u_core/core_clk
    SLICE_X47Y130        FDRE                                         r  u_aes_gcm/u_core/abort_queue_clear_reg/C
  -------------------------------------------------------------------    -------------------
    SLICE_X47Y130        FDRE (Prop_fdre_C_Q)         0.456    -0.478 f  u_aes_gcm/u_core/abort_queue_clear_reg/Q
                         net (fo=52, routed)          0.636     0.158    u_aes_gcm/u_registers/aes_first_result_valid_r_reg_0
    SLICE_X44Y131                                                     f  u_aes_gcm/u_registers/count_r[2]_i_2/I1
    SLICE_X44Y131        LUT2 (Prop_lut2_I1_O)        0.124     0.282 f  u_aes_gcm/u_registers/count_r[2]_i_2/O
                         net (fo=19, routed)          0.822     1.104    u_aes_gcm/u_core/u_keystream_fifo/queue_clear
    SLICE_X54Y129                                                     f  u_aes_gcm/u_core/u_keystream_fifo/i_3_LOPT_REMAP_1/I5
    SLICE_X54Y129        LUT6 (Prop_lut6_I5_O)        0.124     1.228 f  u_aes_gcm/u_core/u_keystream_fifo/i_3_LOPT_REMAP_1/O
                         net (fo=1, routed)           0.567     1.796    u_aes_gcm/u_core/u_keystream_fifo/i_3/O_n_1
    SLICE_X53Y129                                                     f  u_aes_gcm/u_core/u_keystream_fifo/i_0_LOPT_REMAP_1/I4
    SLICE_X53Y129        LUT5 (Prop_lut5_I4_O)        0.124     1.920 r  u_aes_gcm/u_core/u_keystream_fifo/i_0_LOPT_REMAP_1/O
                         net (fo=13, routed)          1.217     3.137    u_aes_gcm/u_core/u_keystream_fifo/data_block_consume_w
    SLICE_X52Y125                                                     r  u_aes_gcm/u_core/u_keystream_fifo/dataq0_last_r_i_1_comp/I3
    SLICE_X52Y125        LUT6 (Prop_lut6_I3_O)        0.124     3.261 r  u_aes_gcm/u_core/u_keystream_fifo/dataq0_last_r_i_1_comp/O
                         net (fo=140, routed)         1.089     4.350    u_aes_gcm/u_core/dataq0_bytes_r
    SLICE_X61Y118        FDRE                                         r  u_aes_gcm/u_core/dataq0_block_r_reg[24]/CE
  -------------------------------------------------------------------    -------------------

                         (clock core_clk_raw rise edge)
                                                      5.714     5.714 r  
    E3                                                0.000     5.714 r  clk (IN)
                         net (fo=0)                   0.000     5.714    clk
    E3                                                                r  clk_IBUF_inst/I
    E3                   IBUF (Prop_ibuf_I_O)         1.411     7.126 r  clk_IBUF_inst/O
                         net (fo=1, routed)           1.162     8.287    clk_IBUF
    MMCME2_ADV_X1Y2                                                   r  u_mmcm/CLKIN1
    MMCME2_ADV_X1Y2      MMCME2_ADV (Prop_mmcme2_adv_CLKIN1_CLKOUT0)
                                                     -7.324     0.964 r  u_mmcm/CLKOUT0
                         net (fo=1, routed)           1.639     2.603    core_clk_raw
    BUFGCTRL_X0Y16                                                    r  u_core_clk_buf/I
    BUFGCTRL_X0Y16       BUFG (Prop_bufg_I_O)         0.091     2.694 r  u_core_clk_buf/O
                         net (fo=11093, routed)       1.483     4.176    u_aes_gcm/u_core/core_clk
    SLICE_X61Y118        FDRE                                         r  u_aes_gcm/u_core/dataq0_block_r_reg[24]/C
                         clock pessimism              0.488     4.665    
                         clock uncertainty           -0.075     4.590    
    SLICE_X61Y118        FDRE (Setup_fdre_C_CE)      -0.205     4.385    u_aes_gcm/u_core/dataq0_block_r_reg[24]
  -------------------------------------------------------------------
                         required time                          4.385    
                         arrival time                          -4.350    
  -------------------------------------------------------------------
                         slack                                  0.035    

Slack (MET) :             0.035ns  (required time - arrival time)
  Source:                 u_aes_gcm/u_core/abort_queue_clear_reg/C
                            (rising edge-triggered cell FDRE clocked by core_clk_raw  {rise@0.000ns fall@2.857ns period=5.714ns})
  Destination:            u_aes_gcm/u_core/dataq0_block_r_reg[61]/CE
                            (rising edge-triggered cell FDRE clocked by core_clk_raw  {rise@0.000ns fall@2.857ns period=5.714ns})
  Path Group:             core_clk_raw
  Path Type:              Setup (Max at Slow Process Corner)
  Requirement:            5.714ns  (core_clk_raw rise@5.714ns - core_clk_raw rise@0.000ns)
  Data Path Delay:        5.285ns  (logic 0.952ns (18.015%)  route 4.333ns (81.985%))
  Logic Levels:           4  (LUT2=1 LUT5=1 LUT6=2)
  Clock Path Skew:        -0.115ns (DCD - SCD + CPR)
    Destination Clock Delay (DCD):    -1.538ns = ( 4.176 - 5.714 ) 
    Source Clock Delay      (SCD):    -0.934ns
    Clock Pessimism Removal (CPR):    0.488ns
  Clock Uncertainty:      0.075ns  ((TSJ^2 + DJ^2)^1/2) / 2 + PE
    Total System Jitter     (TSJ):    0.071ns
    Discrete Jitter          (DJ):    0.132ns
    Phase Error              (PE):    0.000ns

    Location             Delay type                Incr(ns)  Path(ns)    Netlist Resource(s)
  -------------------------------------------------------------------    -------------------
                         (clock core_clk_raw rise edge)
                                                      0.000     0.000 r  
    E3                                                0.000     0.000 r  clk (IN)
                         net (fo=0)                   0.000     0.000    clk
    E3                                                                r  clk_IBUF_inst/I
    E3                   IBUF (Prop_ibuf_I_O)         1.482     1.482 r  clk_IBUF_inst/O
                         net (fo=1, routed)           1.233     2.715    clk_IBUF
    MMCME2_ADV_X1Y2                                                   r  u_mmcm/CLKIN1
    MMCME2_ADV_X1Y2      MMCME2_ADV (Prop_mmcme2_adv_CLKIN1_CLKOUT0)
                                                     -7.070    -4.355 r  u_mmcm/CLKOUT0
                         net (fo=1, routed)           1.719    -2.636    core_clk_raw
    BUFGCTRL_X0Y16                                                    r  u_core_clk_buf/I
    BUFGCTRL_X0Y16       BUFG (Prop_bufg_I_O)         0.096    -2.540 r  u_core_clk_buf/O
                         net (fo=11093, routed)       1.606    -0.934    u_aes_gcm/u_core/core_clk
    SLICE_X47Y130        FDRE                                         r  u_aes_gcm/u_core/abort_queue_clear_reg/C
  -------------------------------------------------------------------    -------------------
    SLICE_X47Y130        FDRE (Prop_fdre_C_Q)         0.456    -0.478 f  u_aes_gcm/u_core/abort_queue_clear_reg/Q
                         net (fo=52, routed)          0.636     0.158    u_aes_gcm/u_registers/aes_first_result_valid_r_reg_0
    SLICE_X44Y131                                                     f  u_aes_gcm/u_registers/count_r[2]_i_2/I1
    SLICE_X44Y131        LUT2 (Prop_lut2_I1_O)        0.124     0.282 f  u_aes_gcm/u_registers/count_r[2]_i_2/O
                         net (fo=19, routed)          0.822     1.104    u_aes_gcm/u_core/u_keystream_fifo/queue_clear
    SLICE_X54Y129                                                     f  u_aes_gcm/u_core/u_keystream_fifo/i_3_LOPT_REMAP_1/I5
    SLICE_X54Y129        LUT6 (Prop_lut6_I5_O)        0.124     1.228 f  u_aes_gcm/u_core/u_keystream_fifo/i_3_LOPT_REMAP_1/O
                         net (fo=1, routed)           0.567     1.796    u_aes_gcm/u_core/u_keystream_fifo/i_3/O_n_1
    SLICE_X53Y129                                                     f  u_aes_gcm/u_core/u_keystream_fifo/i_0_LOPT_REMAP_1/I4
    SLICE_X53Y129        LUT5 (Prop_lut5_I4_O)        0.124     1.920 r  u_aes_gcm/u_core/u_keystream_fifo/i_0_LOPT_REMAP_1/O
                         net (fo=13, routed)          1.217     3.137    u_aes_gcm/u_core/u_keystream_fifo/data_block_consume_w
    SLICE_X52Y125                                                     r  u_aes_gcm/u_core/u_keystream_fifo/dataq0_last_r_i_1_comp/I3
    SLICE_X52Y125        LUT6 (Prop_lut6_I3_O)        0.124     3.261 r  u_aes_gcm/u_core/u_keystream_fifo/dataq0_last_r_i_1_comp/O
                         net (fo=140, routed)         1.089     4.350    u_aes_gcm/u_core/dataq0_bytes_r
    SLICE_X61Y118        FDRE                                         r  u_aes_gcm/u_core/dataq0_block_r_reg[61]/CE
  -------------------------------------------------------------------    -------------------

                         (clock core_clk_raw rise edge)
                                                      5.714     5.714 r  
    E3                                                0.000     5.714 r  clk (IN)
                         net (fo=0)                   0.000     5.714    clk
    E3                                                                r  clk_IBUF_inst/I
    E3                   IBUF (Prop_ibuf_I_O)         1.411     7.126 r  clk_IBUF_inst/O
                         net (fo=1, routed)           1.162     8.287    clk_IBUF
    MMCME2_ADV_X1Y2                                                   r  u_mmcm/CLKIN1
    MMCME2_ADV_X1Y2      MMCME2_ADV (Prop_mmcme2_adv_CLKIN1_CLKOUT0)
                                                     -7.324     0.964 r  u_mmcm/CLKOUT0
                         net (fo=1, routed)           1.639     2.603    core_clk_raw
    BUFGCTRL_X0Y16                                                    r  u_core_clk_buf/I
    BUFGCTRL_X0Y16       BUFG (Prop_bufg_I_O)         0.091     2.694 r  u_core_clk_buf/O
                         net (fo=11093, routed)       1.483     4.176    u_aes_gcm/u_core/core_clk
    SLICE_X61Y118        FDRE                                         r  u_aes_gcm/u_core/dataq0_block_r_reg[61]/C
                         clock pessimism              0.488     4.665    
                         clock uncertainty           -0.075     4.590    
    SLICE_X61Y118        FDRE (Setup_fdre_C_CE)      -0.205     4.385    u_aes_gcm/u_core/dataq0_block_r_reg[61]
  -------------------------------------------------------------------
                         required time                          4.385    
                         arrival time                          -4.350    
  -------------------------------------------------------------------
                         slack                                  0.035    

Slack (MET) :             0.038ns  (required time - arrival time)
  Source:                 u_aes_gcm/u_core/abort_queue_clear_reg/C
                            (rising edge-triggered cell FDRE clocked by core_clk_raw  {rise@0.000ns fall@2.857ns period=5.714ns})
  Destination:            u_aes_gcm/u_core/dataq0_block_r_reg[110]/CE
                            (rising edge-triggered cell FDRE clocked by core_clk_raw  {rise@0.000ns fall@2.857ns period=5.714ns})
  Path Group:             core_clk_raw
  Path Type:              Setup (Max at Slow Process Corner)
  Requirement:            5.714ns  (core_clk_raw rise@5.714ns - core_clk_raw rise@0.000ns)
  Data Path Delay:        5.284ns  (logic 0.952ns (18.015%)  route 4.332ns (81.985%))
  Logic Levels:           4  (LUT2=1 LUT5=1 LUT6=2)
  Clock Path Skew:        -0.112ns (DCD - SCD + CPR)
    Destination Clock Delay (DCD):    -1.535ns = ( 4.179 - 5.714 ) 
    Source Clock Delay      (SCD):    -0.934ns
    Clock Pessimism Removal (CPR):    0.488ns
  Clock Uncertainty:      0.075ns  ((TSJ^2 + DJ^2)^1/2) / 2 + PE
    Total System Jitter     (TSJ):    0.071ns
    Discrete Jitter          (DJ):    0.132ns
    Phase Error              (PE):    0.000ns

    Location             Delay type                Incr(ns)  Path(ns)    Netlist Resource(s)
  -------------------------------------------------------------------    -------------------
                         (clock core_clk_raw rise edge)
                                                      0.000     0.000 r  
    E3                                                0.000     0.000 r  clk (IN)
                         net (fo=0)                   0.000     0.000    clk
    E3                                                                r  clk_IBUF_inst/I
    E3                   IBUF (Prop_ibuf_I_O)         1.482     1.482 r  clk_IBUF_inst/O
                         net (fo=1, routed)           1.233     2.715    clk_IBUF
    MMCME2_ADV_X1Y2                                                   r  u_mmcm/CLKIN1
    MMCME2_ADV_X1Y2      MMCME2_ADV (Prop_mmcme2_adv_CLKIN1_CLKOUT0)
                                                     -7.070    -4.355 r  u_mmcm/CLKOUT0
                         net (fo=1, routed)           1.719    -2.636    core_clk_raw
    BUFGCTRL_X0Y16                                                    r  u_core_clk_buf/I
    BUFGCTRL_X0Y16       BUFG (Prop_bufg_I_O)         0.096    -2.540 r  u_core_clk_buf/O
                         net (fo=11093, routed)       1.606    -0.934    u_aes_gcm/u_core/core_clk
    SLICE_X47Y130        FDRE                                         r  u_aes_gcm/u_core/abort_queue_clear_reg/C
  -------------------------------------------------------------------    -------------------
    SLICE_X47Y130        FDRE (Prop_fdre_C_Q)         0.456    -0.478 f  u_aes_gcm/u_core/abort_queue_clear_reg/Q
                         net (fo=52, routed)          0.636     0.158    u_aes_gcm/u_registers/aes_first_result_valid_r_reg_0
    SLICE_X44Y131                                                     f  u_aes_gcm/u_registers/count_r[2]_i_2/I1
    SLICE_X44Y131        LUT2 (Prop_lut2_I1_O)        0.124     0.282 f  u_aes_gcm/u_registers/count_r[2]_i_2/O
                         net (fo=19, routed)          0.822     1.104    u_aes_gcm/u_core/u_keystream_fifo/queue_clear
    SLICE_X54Y129                                                     f  u_aes_gcm/u_core/u_keystream_fifo/i_3_LOPT_REMAP_1/I5
    SLICE_X54Y129        LUT6 (Prop_lut6_I5_O)        0.124     1.228 f  u_aes_gcm/u_core/u_keystream_fifo/i_3_LOPT_REMAP_1/O
                         net (fo=1, routed)           0.567     1.796    u_aes_gcm/u_core/u_keystream_fifo/i_3/O_n_1
    SLICE_X53Y129                                                     f  u_aes_gcm/u_core/u_keystream_fifo/i_0_LOPT_REMAP_1/I4
    SLICE_X53Y129        LUT5 (Prop_lut5_I4_O)        0.124     1.920 r  u_aes_gcm/u_core/u_keystream_fifo/i_0_LOPT_REMAP_1/O
                         net (fo=13, routed)          1.217     3.137    u_aes_gcm/u_core/u_keystream_fifo/data_block_consume_w
    SLICE_X52Y125                                                     r  u_aes_gcm/u_core/u_keystream_fifo/dataq0_last_r_i_1_comp/I3
    SLICE_X52Y125        LUT6 (Prop_lut6_I3_O)        0.124     3.261 r  u_aes_gcm/u_core/u_keystream_fifo/dataq0_last_r_i_1_comp/O
                         net (fo=140, routed)         1.089     4.350    u_aes_gcm/u_core/dataq0_bytes_r
    SLICE_X64Y131        FDRE                                         r  u_aes_gcm/u_core/dataq0_block_r_reg[110]/CE
  -------------------------------------------------------------------    -------------------

                         (clock core_clk_raw rise edge)
                                                      5.714     5.714 r  
    E3                                                0.000     5.714 r  clk (IN)
                         net (fo=0)                   0.000     5.714    clk
    E3                                                                r  clk_IBUF_inst/I
    E3                   IBUF (Prop_ibuf_I_O)         1.411     7.126 r  clk_IBUF_inst/O
                         net (fo=1, routed)           1.162     8.287    clk_IBUF
    MMCME2_ADV_X1Y2                                                   r  u_mmcm/CLKIN1
    MMCME2_ADV_X1Y2      MMCME2_ADV (Prop_mmcme2_adv_CLKIN1_CLKOUT0)
                                                     -7.324     0.964 r  u_mmcm/CLKOUT0
                         net (fo=1, routed)           1.639     2.603    core_clk_raw
    BUFGCTRL_X0Y16                                                    r  u_core_clk_buf/I
    BUFGCTRL_X0Y16       BUFG (Prop_bufg_I_O)         0.091     2.694 r  u_core_clk_buf/O
                         net (fo=11093, routed)       1.486     4.179    u_aes_gcm/u_core/core_clk
    SLICE_X64Y131        FDRE                                         r  u_aes_gcm/u_core/dataq0_block_r_reg[110]/C
                         clock pessimism              0.488     4.668    
                         clock uncertainty           -0.075     4.593    
    SLICE_X64Y131        FDRE (Setup_fdre_C_CE)      -0.205     4.388    u_aes_gcm/u_core/dataq0_block_r_reg[110]
  -------------------------------------------------------------------
                         required time                          4.388    
                         arrival time                          -4.350    
  -------------------------------------------------------------------
                         slack                                  0.038    

Slack (MET) :             0.039ns  (required time - arrival time)
  Source:                 u_aes_gcm/u_core/abort_queue_clear_reg/C
                            (rising edge-triggered cell FDRE clocked by core_clk_raw  {rise@0.000ns fall@2.857ns period=5.714ns})
  Destination:            u_aes_gcm/u_core/dataq0_block_r_reg[19]/CE
                            (rising edge-triggered cell FDRE clocked by core_clk_raw  {rise@0.000ns fall@2.857ns period=5.714ns})
  Path Group:             core_clk_raw
  Path Type:              Setup (Max at Slow Process Corner)
  Requirement:            5.714ns  (core_clk_raw rise@5.714ns - core_clk_raw rise@0.000ns)
  Data Path Delay:        5.284ns  (logic 0.952ns (18.018%)  route 4.332ns (81.982%))
  Logic Levels:           4  (LUT2=1 LUT5=1 LUT6=2)
  Clock Path Skew:        -0.112ns (DCD - SCD + CPR)
    Destination Clock Delay (DCD):    -1.535ns = ( 4.179 - 5.714 ) 
    Source Clock Delay      (SCD):    -0.934ns
    Clock Pessimism Removal (CPR):    0.488ns
  Clock Uncertainty:      0.075ns  ((TSJ^2 + DJ^2)^1/2) / 2 + PE
    Total System Jitter     (TSJ):    0.071ns
    Discrete Jitter          (DJ):    0.132ns
    Phase Error              (PE):    0.000ns

    Location             Delay type                Incr(ns)  Path(ns)    Netlist Resource(s)
  -------------------------------------------------------------------    -------------------
                         (clock core_clk_raw rise edge)
                                                      0.000     0.000 r  
    E3                                                0.000     0.000 r  clk (IN)
                         net (fo=0)                   0.000     0.000    clk
    E3                                                                r  clk_IBUF_inst/I
    E3                   IBUF (Prop_ibuf_I_O)         1.482     1.482 r  clk_IBUF_inst/O
                         net (fo=1, routed)           1.233     2.715    clk_IBUF
    MMCME2_ADV_X1Y2                                                   r  u_mmcm/CLKIN1
    MMCME2_ADV_X1Y2      MMCME2_ADV (Prop_mmcme2_adv_CLKIN1_CLKOUT0)
                                                     -7.070    -4.355 r  u_mmcm/CLKOUT0
                         net (fo=1, routed)           1.719    -2.636    core_clk_raw
    BUFGCTRL_X0Y16                                                    r  u_core_clk_buf/I
    BUFGCTRL_X0Y16       BUFG (Prop_bufg_I_O)         0.096    -2.540 r  u_core_clk_buf/O
                         net (fo=11093, routed)       1.606    -0.934    u_aes_gcm/u_core/core_clk
    SLICE_X47Y130        FDRE                                         r  u_aes_gcm/u_core/abort_queue_clear_reg/C
  -------------------------------------------------------------------    -------------------
    SLICE_X47Y130        FDRE (Prop_fdre_C_Q)         0.456    -0.478 f  u_aes_gcm/u_core/abort_queue_clear_reg/Q
                         net (fo=52, routed)          0.636     0.158    u_aes_gcm/u_registers/aes_first_result_valid_r_reg_0
    SLICE_X44Y131                                                     f  u_aes_gcm/u_registers/count_r[2]_i_2/I1
    SLICE_X44Y131        LUT2 (Prop_lut2_I1_O)        0.124     0.282 f  u_aes_gcm/u_registers/count_r[2]_i_2/O
                         net (fo=19, routed)          0.822     1.104    u_aes_gcm/u_core/u_keystream_fifo/queue_clear
    SLICE_X54Y129                                                     f  u_aes_gcm/u_core/u_keystream_fifo/i_3_LOPT_REMAP_1/I5
    SLICE_X54Y129        LUT6 (Prop_lut6_I5_O)        0.124     1.228 f  u_aes_gcm/u_core/u_keystream_fifo/i_3_LOPT_REMAP_1/O
                         net (fo=1, routed)           0.567     1.796    u_aes_gcm/u_core/u_keystream_fifo/i_3/O_n_1
    SLICE_X53Y129                                                     f  u_aes_gcm/u_core/u_keystream_fifo/i_0_LOPT_REMAP_1/I4
    SLICE_X53Y129        LUT5 (Prop_lut5_I4_O)        0.124     1.920 r  u_aes_gcm/u_core/u_keystream_fifo/i_0_LOPT_REMAP_1/O
                         net (fo=13, routed)          1.217     3.137    u_aes_gcm/u_core/u_keystream_fifo/data_block_consume_w
    SLICE_X52Y125                                                     r  u_aes_gcm/u_core/u_keystream_fifo/dataq0_last_r_i_1_comp/I3
    SLICE_X52Y125        LUT6 (Prop_lut6_I3_O)        0.124     3.261 r  u_aes_gcm/u_core/u_keystream_fifo/dataq0_last_r_i_1_comp/O
                         net (fo=140, routed)         1.088     4.349    u_aes_gcm/u_core/dataq0_bytes_r
    SLICE_X61Y116        FDRE                                         r  u_aes_gcm/u_core/dataq0_block_r_reg[19]/CE
  -------------------------------------------------------------------    -------------------

                         (clock core_clk_raw rise edge)
                                                      5.714     5.714 r  
    E3                                                0.000     5.714 r  clk (IN)
                         net (fo=0)                   0.000     5.714    clk
    E3                                                                r  clk_IBUF_inst/I
    E3                   IBUF (Prop_ibuf_I_O)         1.411     7.126 r  clk_IBUF_inst/O
                         net (fo=1, routed)           1.162     8.287    clk_IBUF
    MMCME2_ADV_X1Y2                                                   r  u_mmcm/CLKIN1
    MMCME2_ADV_X1Y2      MMCME2_ADV (Prop_mmcme2_adv_CLKIN1_CLKOUT0)
                                                     -7.324     0.964 r  u_mmcm/CLKOUT0
                         net (fo=1, routed)           1.639     2.603    core_clk_raw
    BUFGCTRL_X0Y16                                                    r  u_core_clk_buf/I
    BUFGCTRL_X0Y16       BUFG (Prop_bufg_I_O)         0.091     2.694 r  u_core_clk_buf/O
                         net (fo=11093, routed)       1.486     4.179    u_aes_gcm/u_core/core_clk
    SLICE_X61Y116        FDRE                                         r  u_aes_gcm/u_core/dataq0_block_r_reg[19]/C
                         clock pessimism              0.488     4.668    
                         clock uncertainty           -0.075     4.593    
    SLICE_X61Y116        FDRE (Setup_fdre_C_CE)      -0.205     4.388    u_aes_gcm/u_core/dataq0_block_r_reg[19]
  -------------------------------------------------------------------
                         required time                          4.388    
                         arrival time                          -4.349    
  -------------------------------------------------------------------
                         slack                                  0.039    

Slack (MET) :             0.039ns  (required time - arrival time)
  Source:                 u_aes_gcm/u_core/abort_queue_clear_reg/C
                            (rising edge-triggered cell FDRE clocked by core_clk_raw  {rise@0.000ns fall@2.857ns period=5.714ns})
  Destination:            u_aes_gcm/u_core/dataq0_bytes_r_reg[0]/CE
                            (rising edge-triggered cell FDRE clocked by core_clk_raw  {rise@0.000ns fall@2.857ns period=5.714ns})
  Path Group:             core_clk_raw
  Path Type:              Setup (Max at Slow Process Corner)
  Requirement:            5.714ns  (core_clk_raw rise@5.714ns - core_clk_raw rise@0.000ns)
  Data Path Delay:        5.284ns  (logic 0.952ns (18.018%)  route 4.332ns (81.982%))
  Logic Levels:           4  (LUT2=1 LUT5=1 LUT6=2)
  Clock Path Skew:        -0.112ns (DCD - SCD + CPR)
    Destination Clock Delay (DCD):    -1.535ns = ( 4.179 - 5.714 ) 
    Source Clock Delay      (SCD):    -0.934ns
    Clock Pessimism Removal (CPR):    0.488ns
  Clock Uncertainty:      0.075ns  ((TSJ^2 + DJ^2)^1/2) / 2 + PE
    Total System Jitter     (TSJ):    0.071ns
    Discrete Jitter          (DJ):    0.132ns
    Phase Error              (PE):    0.000ns

    Location             Delay type                Incr(ns)  Path(ns)    Netlist Resource(s)
  -------------------------------------------------------------------    -------------------
                         (clock core_clk_raw rise edge)
                                                      0.000     0.000 r  
    E3                                                0.000     0.000 r  clk (IN)
                         net (fo=0)                   0.000     0.000    clk
    E3                                                                r  clk_IBUF_inst/I
    E3                   IBUF (Prop_ibuf_I_O)         1.482     1.482 r  clk_IBUF_inst/O
                         net (fo=1, routed)           1.233     2.715    clk_IBUF
    MMCME2_ADV_X1Y2                                                   r  u_mmcm/CLKIN1
    MMCME2_ADV_X1Y2      MMCME2_ADV (Prop_mmcme2_adv_CLKIN1_CLKOUT0)
                                                     -7.070    -4.355 r  u_mmcm/CLKOUT0
                         net (fo=1, routed)           1.719    -2.636    core_clk_raw
    BUFGCTRL_X0Y16                                                    r  u_core_clk_buf/I
    BUFGCTRL_X0Y16       BUFG (Prop_bufg_I_O)         0.096    -2.540 r  u_core_clk_buf/O
                         net (fo=11093, routed)       1.606    -0.934    u_aes_gcm/u_core/core_clk
    SLICE_X47Y130        FDRE                                         r  u_aes_gcm/u_core/abort_queue_clear_reg/C
  -------------------------------------------------------------------    -------------------
    SLICE_X47Y130        FDRE (Prop_fdre_C_Q)         0.456    -0.478 f  u_aes_gcm/u_core/abort_queue_clear_reg/Q
                         net (fo=52, routed)          0.636     0.158    u_aes_gcm/u_registers/aes_first_result_valid_r_reg_0
    SLICE_X44Y131                                                     f  u_aes_gcm/u_registers/count_r[2]_i_2/I1
    SLICE_X44Y131        LUT2 (Prop_lut2_I1_O)        0.124     0.282 f  u_aes_gcm/u_registers/count_r[2]_i_2/O
                         net (fo=19, routed)          0.822     1.104    u_aes_gcm/u_core/u_keystream_fifo/queue_clear
    SLICE_X54Y129                                                     f  u_aes_gcm/u_core/u_keystream_fifo/i_3_LOPT_REMAP_1/I5
    SLICE_X54Y129        LUT6 (Prop_lut6_I5_O)        0.124     1.228 f  u_aes_gcm/u_core/u_keystream_fifo/i_3_LOPT_REMAP_1/O
                         net (fo=1, routed)           0.567     1.796    u_aes_gcm/u_core/u_keystream_fifo/i_3/O_n_1
    SLICE_X53Y129                                                     f  u_aes_gcm/u_core/u_keystream_fifo/i_0_LOPT_REMAP_1/I4
    SLICE_X53Y129        LUT5 (Prop_lut5_I4_O)        0.124     1.920 r  u_aes_gcm/u_core/u_keystream_fifo/i_0_LOPT_REMAP_1/O
                         net (fo=13, routed)          1.217     3.137    u_aes_gcm/u_core/u_keystream_fifo/data_block_consume_w
    SLICE_X52Y125                                                     r  u_aes_gcm/u_core/u_keystream_fifo/dataq0_last_r_i_1_comp/I3
    SLICE_X52Y125        LUT6 (Prop_lut6_I3_O)        0.124     3.261 r  u_aes_gcm/u_core/u_keystream_fifo/dataq0_last_r_i_1_comp/O
                         net (fo=140, routed)         1.088     4.349    u_aes_gcm/u_core/dataq0_bytes_r
    SLICE_X61Y116        FDRE                                         r  u_aes_gcm/u_core/dataq0_bytes_r_reg[0]/CE
  -------------------------------------------------------------------    -------------------

                         (clock core_clk_raw rise edge)
                                                      5.714     5.714 r  
    E3                                                0.000     5.714 r  clk (IN)
                         net (fo=0)                   0.000     5.714    clk
    E3                                                                r  clk_IBUF_inst/I
    E3                   IBUF (Prop_ibuf_I_O)         1.411     7.126 r  clk_IBUF_inst/O
                         net (fo=1, routed)           1.162     8.287    clk_IBUF
    MMCME2_ADV_X1Y2                                                   r  u_mmcm/CLKIN1
    MMCME2_ADV_X1Y2      MMCME2_ADV (Prop_mmcme2_adv_CLKIN1_CLKOUT0)
                                                     -7.324     0.964 r  u_mmcm/CLKOUT0
                         net (fo=1, routed)           1.639     2.603    core_clk_raw
    BUFGCTRL_X0Y16                                                    r  u_core_clk_buf/I
    BUFGCTRL_X0Y16       BUFG (Prop_bufg_I_O)         0.091     2.694 r  u_core_clk_buf/O
                         net (fo=11093, routed)       1.486     4.179    u_aes_gcm/u_core/core_clk
    SLICE_X61Y116        FDRE                                         r  u_aes_gcm/u_core/dataq0_bytes_r_reg[0]/C
                         clock pessimism              0.488     4.668    
                         clock uncertainty           -0.075     4.593    
    SLICE_X61Y116        FDRE (Setup_fdre_C_CE)      -0.205     4.388    u_aes_gcm/u_core/dataq0_bytes_r_reg[0]
  -------------------------------------------------------------------
                         required time                          4.388    
                         arrival time                          -4.349    
  -------------------------------------------------------------------
                         slack                                  0.039    

Slack (MET) :             0.040ns  (required time - arrival time)
  Source:                 u_aes_gcm/u_registers/zeroize_pulse_o_reg/C
                            (rising edge-triggered cell FDRE clocked by core_clk_raw  {rise@0.000ns fall@2.857ns period=5.714ns})
  Destination:            u_aes_gcm/u_core/u_aes_engine/ctx1_state_r_reg[59]/D
                            (rising edge-triggered cell FDRE clocked by core_clk_raw  {rise@0.000ns fall@2.857ns period=5.714ns})
  Path Group:             core_clk_raw
  Path Type:              Setup (Max at Slow Process Corner)
  Requirement:            5.714ns  (core_clk_raw rise@5.714ns - core_clk_raw rise@0.000ns)
  Data Path Delay:        5.365ns  (logic 0.978ns (18.229%)  route 4.387ns (81.771%))
  Logic Levels:           4  (LUT3=1 LUT4=1 LUT6=2)
  Clock Path Skew:        0.051ns (DCD - SCD + CPR)
    Destination Clock Delay (DCD):    -1.434ns = ( 4.280 - 5.714 ) 
    Source Clock Delay      (SCD):    -0.925ns
    Clock Pessimism Removal (CPR):    0.560ns
  Clock Uncertainty:      0.075ns  ((TSJ^2 + DJ^2)^1/2) / 2 + PE
    Total System Jitter     (TSJ):    0.071ns
    Discrete Jitter          (DJ):    0.132ns
    Phase Error              (PE):    0.000ns

    Location             Delay type                Incr(ns)  Path(ns)    Netlist Resource(s)
  -------------------------------------------------------------------    -------------------
                         (clock core_clk_raw rise edge)
                                                      0.000     0.000 r  
    E3                                                0.000     0.000 r  clk (IN)
                         net (fo=0)                   0.000     0.000    clk
    E3                                                                r  clk_IBUF_inst/I
    E3                   IBUF (Prop_ibuf_I_O)         1.482     1.482 r  clk_IBUF_inst/O
                         net (fo=1, routed)           1.233     2.715    clk_IBUF
    MMCME2_ADV_X1Y2                                                   r  u_mmcm/CLKIN1
    MMCME2_ADV_X1Y2      MMCME2_ADV (Prop_mmcme2_adv_CLKIN1_CLKOUT0)
                                                     -7.070    -4.355 r  u_mmcm/CLKOUT0
                         net (fo=1, routed)           1.719    -2.636    core_clk_raw
    BUFGCTRL_X0Y16                                                    r  u_core_clk_buf/I
    BUFGCTRL_X0Y16       BUFG (Prop_bufg_I_O)         0.096    -2.540 r  u_core_clk_buf/O
                         net (fo=11093, routed)       1.615    -0.925    u_aes_gcm/u_registers/core_clk
    SLICE_X40Y133        FDRE                                         r  u_aes_gcm/u_registers/zeroize_pulse_o_reg/C
  -------------------------------------------------------------------    -------------------
    SLICE_X40Y133        FDRE (Prop_fdre_C_Q)         0.456    -0.469 f  u_aes_gcm/u_registers/zeroize_pulse_o_reg/Q
                         net (fo=264, routed)         0.972     0.503    u_aes_gcm/u_core/u_aes_engine/done_r_reg_0
    SLICE_X29Y137                                                     f  u_aes_gcm/u_core/u_aes_engine/tag_prod_data[135]_i_4/I2
    SLICE_X29Y137        LUT3 (Prop_lut3_I2_O)        0.124     0.627 r  u_aes_gcm/u_core/u_aes_engine/tag_prod_data[135]_i_4/O
                         net (fo=5, routed)           0.829     1.455    u_aes_gcm/u_core/u_aes_request_fifo/count_r_reg[0]_1
    SLICE_X15Y142                                                     r  u_aes_gcm/u_core/u_aes_request_fifo/contexts_full_r_i_3/I1
    SLICE_X15Y142        LUT6 (Prop_lut6_I1_O)        0.124     1.579 r  u_aes_gcm/u_core/u_aes_request_fifo/contexts_full_r_i_3/O
                         net (fo=9, routed)           0.503     2.082    u_aes_gcm/u_core/u_aes_engine/ctx2_state_r_reg[64]_0
    SLICE_X11Y142                                                     r  u_aes_gcm/u_core/u_aes_engine/ctx1_round_r[3]_i_3/I0
    SLICE_X11Y142        LUT6 (Prop_lut6_I0_O)        0.124     2.206 r  u_aes_gcm/u_core/u_aes_engine/ctx1_round_r[3]_i_3/O
                         net (fo=137, routed)         1.616     3.823    u_aes_gcm/u_core/u_aes_engine/GEN_DATA_SBOX[13].u_data_sbox/ctx1_state_r_reg[33]
    SLICE_X2Y140                                                      r  u_aes_gcm/u_core/u_aes_engine/GEN_DATA_SBOX[13].u_data_sbox/ctx1_state_r[59]_i_1/I2
    SLICE_X2Y140         LUT4 (Prop_lut4_I2_O)        0.150     3.973 r  u_aes_gcm/u_core/u_aes_engine/GEN_DATA_SBOX[13].u_data_sbox/ctx1_state_r[59]_i_1/O
                         net (fo=1, routed)           0.467     4.440    u_aes_gcm/u_core/u_aes_engine/GEN_DATA_SBOX[13].u_data_sbox_n_52
    SLICE_X1Y139         FDRE                                         r  u_aes_gcm/u_core/u_aes_engine/ctx1_state_r_reg[59]/D
  -------------------------------------------------------------------    -------------------

                         (clock core_clk_raw rise edge)
                                                      5.714     5.714 r  
    E3                                                0.000     5.714 r  clk (IN)
                         net (fo=0)                   0.000     5.714    clk
    E3                                                                r  clk_IBUF_inst/I
    E3                   IBUF (Prop_ibuf_I_O)         1.411     7.126 r  clk_IBUF_inst/O
                         net (fo=1, routed)           1.162     8.287    clk_IBUF
    MMCME2_ADV_X1Y2                                                   r  u_mmcm/CLKIN1
    MMCME2_ADV_X1Y2      MMCME2_ADV (Prop_mmcme2_adv_CLKIN1_CLKOUT0)
                                                     -7.324     0.964 r  u_mmcm/CLKOUT0
                         net (fo=1, routed)           1.639     2.603    core_clk_raw
    BUFGCTRL_X0Y16                                                    r  u_core_clk_buf/I
    BUFGCTRL_X0Y16       BUFG (Prop_bufg_I_O)         0.091     2.694 r  u_core_clk_buf/O
                         net (fo=11093, routed)       1.587     4.280    u_aes_gcm/u_core/u_aes_engine/core_clk
    SLICE_X1Y139         FDRE                                         r  u_aes_gcm/u_core/u_aes_engine/ctx1_state_r_reg[59]/C
                         clock pessimism              0.560     4.840    
                         clock uncertainty           -0.075     4.765    
    SLICE_X1Y139         FDRE (Setup_fdre_C_D)       -0.285     4.480    u_aes_gcm/u_core/u_aes_engine/ctx1_state_r_reg[59]
  -------------------------------------------------------------------
                         required time                          4.480    
                         arrival time                          -4.440    
  -------------------------------------------------------------------
                         slack                                  0.040    

Slack (MET) :             0.041ns  (required time - arrival time)
  Source:                 u_bridge/rx_payload_bytes_r_reg[1]/C
                            (rising edge-triggered cell FDRE clocked by core_clk_raw  {rise@0.000ns fall@2.857ns period=5.714ns})
  Destination:            u_bridge/key_cfg_r_reg[142]/D
                            (rising edge-triggered cell FDRE clocked by core_clk_raw  {rise@0.000ns fall@2.857ns period=5.714ns})
  Path Group:             core_clk_raw
  Path Type:              Setup (Max at Slow Process Corner)
  Requirement:            5.714ns  (core_clk_raw rise@5.714ns - core_clk_raw rise@0.000ns)
  Data Path Delay:        5.521ns  (logic 1.214ns (21.988%)  route 4.307ns (78.012%))
  Logic Levels:           5  (LUT5=1 LUT6=4)
  Clock Path Skew:        -0.037ns (DCD - SCD + CPR)
    Destination Clock Delay (DCD):    -1.353ns = ( 4.361 - 5.714 ) 
    Source Clock Delay      (SCD):    -0.748ns
    Clock Pessimism Removal (CPR):    0.569ns
  Clock Uncertainty:      0.075ns  ((TSJ^2 + DJ^2)^1/2) / 2 + PE
    Total System Jitter     (TSJ):    0.071ns
    Discrete Jitter          (DJ):    0.132ns
    Phase Error              (PE):    0.000ns

    Location             Delay type                Incr(ns)  Path(ns)    Netlist Resource(s)
  -------------------------------------------------------------------    -------------------
                         (clock core_clk_raw rise edge)
                                                      0.000     0.000 r  
    E3                                                0.000     0.000 r  clk (IN)
                         net (fo=0)                   0.000     0.000    clk
    E3                                                                r  clk_IBUF_inst/I
    E3                   IBUF (Prop_ibuf_I_O)         1.482     1.482 r  clk_IBUF_inst/O
                         net (fo=1, routed)           1.233     2.715    clk_IBUF
    MMCME2_ADV_X1Y2                                                   r  u_mmcm/CLKIN1
    MMCME2_ADV_X1Y2      MMCME2_ADV (Prop_mmcme2_adv_CLKIN1_CLKOUT0)
                                                     -7.070    -4.355 r  u_mmcm/CLKOUT0
                         net (fo=1, routed)           1.719    -2.636    core_clk_raw
    BUFGCTRL_X0Y16                                                    r  u_core_clk_buf/I
    BUFGCTRL_X0Y16       BUFG (Prop_bufg_I_O)         0.096    -2.540 r  u_core_clk_buf/O
                         net (fo=11093, routed)       1.792    -0.748    u_bridge/core_clk
    SLICE_X26Y174        FDRE                                         r  u_bridge/rx_payload_bytes_r_reg[1]/C
  -------------------------------------------------------------------    -------------------
    SLICE_X26Y174        FDRE (Prop_fdre_C_Q)         0.419    -0.329 r  u_bridge/rx_payload_bytes_r_reg[1]/Q
                         net (fo=6, routed)           0.965     0.637    u_bridge/rx_payload_bytes_r_reg_n_0_[1]
    SLICE_X27Y174                                                     r  u_bridge/rx_state_r[1]_i_5/I3
    SLICE_X27Y174        LUT6 (Prop_lut6_I3_O)        0.299     0.936 f  u_bridge/rx_state_r[1]_i_5/O
                         net (fo=2, routed)           0.595     1.531    u_bridge/rx_state_r[1]_i_5_n_0
    SLICE_X28Y174                                                     f  u_bridge/i_1_LOPT_REMAP/I3
    SLICE_X28Y174        LUT6 (Prop_lut6_I3_O)        0.124     1.655 f  u_bridge/i_1_LOPT_REMAP/O
                         net (fo=1, routed)           0.552     2.207    u_bridge/i_1/O_n
    SLICE_X29Y174                                                     f  u_bridge/i_0_LOPT_REMAP/I4
    SLICE_X29Y174        LUT6 (Prop_lut6_I4_O)        0.124     2.331 f  u_bridge/i_0_LOPT_REMAP/O
                         net (fo=2, routed)           0.466     2.797    u_bridge/key_cfg_r[252]_i_4_n_0
    SLICE_X30Y174                                                     f  u_bridge/key_cfg_r[252]_i_2/I1
    SLICE_X30Y174        LUT5 (Prop_lut5_I1_O)        0.124     2.921 r  u_bridge/key_cfg_r[252]_i_2/O
                         net (fo=128, routed)         1.249     4.170    u_bridge/key_cfg_r[252]_i_2_n_0
    SLICE_X15Y172                                                     r  u_bridge/key_cfg_r[142]_i_1/I0
    SLICE_X15Y172        LUT6 (Prop_lut6_I0_O)        0.124     4.294 r  u_bridge/key_cfg_r[142]_i_1/O
                         net (fo=1, routed)           0.480     4.773    u_bridge/key_cfg_r[142]_i_1_n_0
    SLICE_X18Y173        FDRE                                         r  u_bridge/key_cfg_r_reg[142]/D
  -------------------------------------------------------------------    -------------------

                         (clock core_clk_raw rise edge)
                                                      5.714     5.714 r  
    E3                                                0.000     5.714 r  clk (IN)
                         net (fo=0)                   0.000     5.714    clk
    E3                                                                r  clk_IBUF_inst/I
    E3                   IBUF (Prop_ibuf_I_O)         1.411     7.126 r  clk_IBUF_inst/O
                         net (fo=1, routed)           1.162     8.287    clk_IBUF
    MMCME2_ADV_X1Y2                                                   r  u_mmcm/CLKIN1
    MMCME2_ADV_X1Y2      MMCME2_ADV (Prop_mmcme2_adv_CLKIN1_CLKOUT0)
                                                     -7.324     0.964 r  u_mmcm/CLKOUT0
                         net (fo=1, routed)           1.639     2.603    core_clk_raw
    BUFGCTRL_X0Y16                                                    r  u_core_clk_buf/I
    BUFGCTRL_X0Y16       BUFG (Prop_bufg_I_O)         0.091     2.694 r  u_core_clk_buf/O
                         net (fo=11093, routed)       1.667     4.361    u_bridge/core_clk
    SLICE_X18Y173        FDRE                                         r  u_bridge/key_cfg_r_reg[142]/C
                         clock pessimism              0.569     4.930    
                         clock uncertainty           -0.075     4.855    
    SLICE_X18Y173        FDRE (Setup_fdre_C_D)       -0.040     4.815    u_bridge/key_cfg_r_reg[142]
  -------------------------------------------------------------------
                         required time                          4.815    
                         arrival time                          -4.773    
  -------------------------------------------------------------------
                         slack                                  0.041    

Slack (MET) :             0.059ns  (required time - arrival time)
  Source:                 u_bridge/rx_payload_bytes_r_reg[1]/C
                            (rising edge-triggered cell FDRE clocked by core_clk_raw  {rise@0.000ns fall@2.857ns period=5.714ns})
  Destination:            u_bridge/key_cfg_r_reg[60]/D
                            (rising edge-triggered cell FDRE clocked by core_clk_raw  {rise@0.000ns fall@2.857ns period=5.714ns})
  Path Group:             core_clk_raw
  Path Type:              Setup (Max at Slow Process Corner)
  Requirement:            5.714ns  (core_clk_raw rise@5.714ns - core_clk_raw rise@0.000ns)
  Data Path Delay:        5.492ns  (logic 1.214ns (22.103%)  route 4.278ns (77.897%))
  Logic Levels:           5  (LUT5=2 LUT6=3)
  Clock Path Skew:        -0.041ns (DCD - SCD + CPR)
    Destination Clock Delay (DCD):    -1.357ns = ( 4.357 - 5.714 ) 
    Source Clock Delay      (SCD):    -0.748ns
    Clock Pessimism Removal (CPR):    0.569ns
  Clock Uncertainty:      0.075ns  ((TSJ^2 + DJ^2)^1/2) / 2 + PE
    Total System Jitter     (TSJ):    0.071ns
    Discrete Jitter          (DJ):    0.132ns
    Phase Error              (PE):    0.000ns

    Location             Delay type                Incr(ns)  Path(ns)    Netlist Resource(s)
  -------------------------------------------------------------------    -------------------
                         (clock core_clk_raw rise edge)
                                                      0.000     0.000 r  
    E3                                                0.000     0.000 r  clk (IN)
                         net (fo=0)                   0.000     0.000    clk
    E3                                                                r  clk_IBUF_inst/I
    E3                   IBUF (Prop_ibuf_I_O)         1.482     1.482 r  clk_IBUF_inst/O
                         net (fo=1, routed)           1.233     2.715    clk_IBUF
    MMCME2_ADV_X1Y2                                                   r  u_mmcm/CLKIN1
    MMCME2_ADV_X1Y2      MMCME2_ADV (Prop_mmcme2_adv_CLKIN1_CLKOUT0)
                                                     -7.070    -4.355 r  u_mmcm/CLKOUT0
                         net (fo=1, routed)           1.719    -2.636    core_clk_raw
    BUFGCTRL_X0Y16                                                    r  u_core_clk_buf/I
    BUFGCTRL_X0Y16       BUFG (Prop_bufg_I_O)         0.096    -2.540 r  u_core_clk_buf/O
                         net (fo=11093, routed)       1.792    -0.748    u_bridge/core_clk
    SLICE_X26Y174        FDRE                                         r  u_bridge/rx_payload_bytes_r_reg[1]/C
  -------------------------------------------------------------------    -------------------
    SLICE_X26Y174        FDRE (Prop_fdre_C_Q)         0.419    -0.329 r  u_bridge/rx_payload_bytes_r_reg[1]/Q
                         net (fo=6, routed)           0.965     0.637    u_bridge/rx_payload_bytes_r_reg_n_0_[1]
    SLICE_X27Y174                                                     r  u_bridge/rx_state_r[1]_i_5/I3
    SLICE_X27Y174        LUT6 (Prop_lut6_I3_O)        0.299     0.936 r  u_bridge/rx_state_r[1]_i_5/O
                         net (fo=2, routed)           0.595     1.531    u_bridge/rx_state_r[1]_i_5_n_0
    SLICE_X28Y174                                                     r  u_bridge/i_1_LOPT_REMAP/I3
    SLICE_X28Y174        LUT6 (Prop_lut6_I3_O)        0.124     1.655 r  u_bridge/i_1_LOPT_REMAP/O
                         net (fo=1, routed)           0.552     2.207    u_bridge/i_1/O_n
    SLICE_X29Y174                                                     r  u_bridge/i_0_LOPT_REMAP/I4
    SLICE_X29Y174        LUT6 (Prop_lut6_I4_O)        0.124     2.331 r  u_bridge/i_0_LOPT_REMAP/O
                         net (fo=2, routed)           0.466     2.797    u_bridge/key_cfg_r[252]_i_4_n_0
    SLICE_X30Y174                                                     r  u_bridge/key_cfg_r[252]_i_2/I1
    SLICE_X30Y174        LUT5 (Prop_lut5_I1_O)        0.124     2.921 f  u_bridge/key_cfg_r[252]_i_2/O
                         net (fo=128, routed)         1.187     4.108    u_bridge/key_cfg_r[252]_i_2_n_0
    SLICE_X28Y178                                                     f  u_bridge/key_cfg_r[60]_i_1/I0
    SLICE_X28Y178        LUT5 (Prop_lut5_I0_O)        0.124     4.232 r  u_bridge/key_cfg_r[60]_i_1/O
                         net (fo=1, routed)           0.513     4.745    u_bridge/key_cfg_r[60]_i_1_n_0
    SLICE_X28Y174        FDRE                                         r  u_bridge/key_cfg_r_reg[60]/D
  -------------------------------------------------------------------    -------------------

                         (clock core_clk_raw rise edge)
                                                      5.714     5.714 r  
    E3                                                0.000     5.714 r  clk (IN)
                         net (fo=0)                   0.000     5.714    clk
    E3                                                                r  clk_IBUF_inst/I
    E3                   IBUF (Prop_ibuf_I_O)         1.411     7.126 r  clk_IBUF_inst/O
                         net (fo=1, routed)           1.162     8.287    clk_IBUF
    MMCME2_ADV_X1Y2                                                   r  u_mmcm/CLKIN1
    MMCME2_ADV_X1Y2      MMCME2_ADV (Prop_mmcme2_adv_CLKIN1_CLKOUT0)
                                                     -7.324     0.964 r  u_mmcm/CLKOUT0
                         net (fo=1, routed)           1.639     2.603    core_clk_raw
    BUFGCTRL_X0Y16                                                    r  u_core_clk_buf/I
    BUFGCTRL_X0Y16       BUFG (Prop_bufg_I_O)         0.091     2.694 r  u_core_clk_buf/O
                         net (fo=11093, routed)       1.663     4.357    u_bridge/core_clk
    SLICE_X28Y174        FDRE                                         r  u_bridge/key_cfg_r_reg[60]/C
                         clock pessimism              0.569     4.926    
                         clock uncertainty           -0.075     4.851    
    SLICE_X28Y174        FDRE (Setup_fdre_C_D)       -0.047     4.804    u_bridge/key_cfg_r_reg[60]
  -------------------------------------------------------------------
                         required time                          4.804    
                         arrival time                          -4.745    
  -------------------------------------------------------------------
                         slack                                  0.059    




