Copyright 1986-2021 Xilinx, Inc. All Rights Reserved.
----------------------------------------------------------------------------------------------------------------------------------------------------------------------
| Tool Version : Vivado v.2021.1 (win64) Build 3247384 Thu Jun 10 19:36:33 MDT 2021
| Date         : Mon Aug 24 03:22:28 2026
| Host         : DESKTOP-IO47298 running 64-bit major release  (build 9200)
| Command      : report_design_analysis -timing -setup -show_all -max_paths 20 -file C:/project/FPGA3/docs/report/figures/vivado_native/07_design_analysis_timing.rpt
| Design       : arty_a7_100t_aes_gcm_uart_rsp_top
| Device       : xc7a100t
| Design State : Routed
----------------------------------------------------------------------------------------------------------------------------------------------------------------------

Report Design Analysis

Table of Contents
-----------------
1. Setup Path Characteristics 1-20

1. Setup Path Characteristics 1-20
----------------------------------

+----------+-------------+------------+-------------+------------+------------+-------+------------------+-------------------+-----------------------+-----------+-------------+-----------------+--------------------+--------------------+-------------+--------------+--------+---------------------------------------------------------------------------+-------------------+-----------------+-----------+------+--------------+------------------+---------------+---------+-------------+-------------------+------------+------------+---------------------------+-------------------------+-----------------------------+----------------------------+
|   Paths  | Requirement | Path Delay | Logic Delay |  Net Delay | Clock Skew | Slack | Timing Exception | Bounding Box Size | Clock Region Distance | Fixed Loc | Fixed Route | Hold Fix Detour | Combined LUT Pairs | Clock Relationship | Clock Group | Logic Levels | Routes |                                Logical Path                               | Start Point Clock | End Point Clock | DSP Block | BRAM | IO Crossings | Config Crossings | SLR Crossings | PBlocks | High Fanout | Cumulative Fanout | Dont Touch | Mark Debug | Start Point Pin Primitive | End Point Pin Primitive |       Start Point Pin       |        End Point Pin       |
+----------+-------------+------------+-------------+------------+------------+-------+------------------+-------------------+-----------------------+-----------+-------------+-----------------+--------------------+--------------------+-------------+--------------+--------+---------------------------------------------------------------------------+-------------------+-----------------+-----------+------+--------------+------------------+---------------+---------+-------------+-------------------+------------+------------+---------------------------+-------------------------+-----------------------------+----------------------------+
| Path #1  | 5.714       | 5.544      | 1.214(22%)  | 4.330(78%) | -0.019     | 0.029 |                  | 9% x 3%           | (0, 0)                | 0         | 0           | 0               | 1                  | Safely Timed       | 1           | 5            | NA     | FDRE/C-(6)-LUT6-(2)-LUT6-(1)-LUT6-(2)-LUT5-(128)-LUT3-(1)-FDRE/D          | core_clk_raw      | core_clk_raw    | None      | None | 0            | 0                | 0             | 0       | 128         | 140               | 0          | 0          | FDRE/C                    | FDRE/D                  | rx_payload_bytes_r_reg[1]/C | key_cfg_r_reg[24]/D        |
| Path #2  | 5.714       | 5.325      | 0.952(18%)  | 4.373(82%) | -0.113     | 0.032 |                  | 19% x 6%          | (1, 0)                | 0         | 0           | 0               | 0                  | Safely Timed       | 1           | 4            | NA     | FDRE/C-(52)-LUT2-(19)-LUT6-(1)-LUT5-(13)-LUT6-(140)-FDRE/CE               | core_clk_raw      | core_clk_raw    | None      | None | 0            | 0                | 0             | 0       | 140         | 225               | 0          | 0          | FDRE/C                    | FDRE/CE                 | abort_queue_clear_reg/C     | dataq0_block_r_reg[69]/CE  |
| Path #3  | 5.714       | 5.285      | 0.952(19%)  | 4.333(81%) | -0.115     | 0.035 |                  | 17% x 6%          | (1, 0)                | 0         | 0           | 0               | 0                  | Safely Timed       | 1           | 4            | NA     | FDRE/C-(52)-LUT2-(19)-LUT6-(1)-LUT5-(13)-LUT6-(140)-FDRE/CE               | core_clk_raw      | core_clk_raw    | None      | None | 0            | 0                | 0             | 0       | 140         | 225               | 0          | 0          | FDRE/C                    | FDRE/CE                 | abort_queue_clear_reg/C     | dataq0_block_r_reg[24]/CE  |
| Path #4  | 5.714       | 5.285      | 0.952(19%)  | 4.333(81%) | -0.115     | 0.035 |                  | 17% x 6%          | (1, 0)                | 0         | 0           | 0               | 0                  | Safely Timed       | 1           | 4            | NA     | FDRE/C-(52)-LUT2-(19)-LUT6-(1)-LUT5-(13)-LUT6-(140)-FDRE/CE               | core_clk_raw      | core_clk_raw    | None      | None | 0            | 0                | 0             | 0       | 140         | 225               | 0          | 0          | FDRE/C                    | FDRE/CE                 | abort_queue_clear_reg/C     | dataq0_block_r_reg[61]/CE  |
| Path #5  | 5.714       | 5.284      | 0.952(19%)  | 4.332(81%) | -0.112     | 0.038 |                  | 21% x 3%          | (1, 0)                | 0         | 0           | 0               | 0                  | Safely Timed       | 1           | 4            | NA     | FDRE/C-(52)-LUT2-(19)-LUT6-(1)-LUT5-(13)-LUT6-(140)-FDRE/CE               | core_clk_raw      | core_clk_raw    | None      | None | 0            | 0                | 0             | 0       | 140         | 225               | 0          | 0          | FDRE/C                    | FDRE/CE                 | abort_queue_clear_reg/C     | dataq0_block_r_reg[110]/CE |
| Path #6  | 5.714       | 5.284      | 0.952(19%)  | 4.332(81%) | -0.112     | 0.039 |                  | 17% x 7%          | (1, 0)                | 0         | 0           | 0               | 0                  | Safely Timed       | 1           | 4            | NA     | FDRE/C-(52)-LUT2-(19)-LUT6-(1)-LUT5-(13)-LUT6-(140)-FDRE/CE               | core_clk_raw      | core_clk_raw    | None      | None | 0            | 0                | 0             | 0       | 140         | 225               | 0          | 0          | FDRE/C                    | FDRE/CE                 | abort_queue_clear_reg/C     | dataq0_block_r_reg[19]/CE  |
| Path #7  | 5.714       | 5.284      | 0.952(19%)  | 4.332(81%) | -0.112     | 0.039 |                  | 17% x 7%          | (1, 0)                | 0         | 0           | 0               | 0                  | Safely Timed       | 1           | 4            | NA     | FDRE/C-(52)-LUT2-(19)-LUT6-(1)-LUT5-(13)-LUT6-(140)-FDRE/CE               | core_clk_raw      | core_clk_raw    | None      | None | 0            | 0                | 0             | 0       | 140         | 225               | 0          | 0          | FDRE/C                    | FDRE/CE                 | abort_queue_clear_reg/C     | dataq0_bytes_r_reg[0]/CE   |
| Path #8  | 5.714       | 5.365      | 0.978(19%)  | 4.387(81%) | 0.051      | 0.040 |                  | 35% x 4%          | (0, 0)                | 0         | 0           | 0               | 1                  | Safely Timed       | 1           | 4            | NA     | FDRE/C-(264)-LUT3-(5)-LUT6-(9)-LUT6-(137)-LUT4-(1)-FDRE/D                 | core_clk_raw      | core_clk_raw    | None      | None | 0            | 0                | 0             | 0       | 264         | 416               | 0          | 0          | FDRE/C                    | FDRE/D                  | zeroize_pulse_o_reg/C       | ctx1_state_r_reg[59]/D     |
| Path #9  | 5.714       | 5.521      | 1.214(22%)  | 4.307(78%) | -0.037     | 0.041 |                  | 12% x 1%          | (0, 0)                | 0         | 0           | 0               | 0                  | Safely Timed       | 1           | 5            | NA     | FDRE/C-(6)-LUT6-(2)-LUT6-(1)-LUT6-(2)-LUT5-(128)-LUT6-(1)-FDRE/D          | core_clk_raw      | core_clk_raw    | None      | None | 0            | 0                | 0             | 0       | 128         | 140               | 0          | 0          | FDRE/C                    | FDRE/D                  | rx_payload_bytes_r_reg[1]/C | key_cfg_r_reg[142]/D       |
| Path #10 | 5.714       | 5.492      | 1.214(23%)  | 4.278(77%) | -0.041     | 0.059 |                  | 3% x 2%           | (0, 0)                | 0         | 0           | 0               | 0                  | Safely Timed       | 1           | 5            | NA     | FDRE/C-(6)-LUT6-(2)-LUT6-(1)-LUT6-(2)-LUT5-(128)-LUT5-(1)-FDRE/D          | core_clk_raw      | core_clk_raw    | None      | None | 0            | 0                | 0             | 0       | 128         | 140               | 0          | 0          | FDRE/C                    | FDRE/D                  | rx_payload_bytes_r_reg[1]/C | key_cfg_r_reg[60]/D        |
| Path #11 | 5.714       | 5.493      | 1.338(25%)  | 4.155(75%) | -0.041     | 0.062 |                  | 9% x 1%           | (0, 0)                | 0         | 0           | 0               | 0                  | Safely Timed       | 1           | 6            | NA     | FDRE/C-(6)-LUT6-(2)-LUT6-(1)-LUT6-(2)-LUT5-(128)-LUT5-(1)-LUT4-(1)-FDRE/D | core_clk_raw      | core_clk_raw    | None      | None | 0            | 0                | 0             | 0       | 128         | 141               | 0          | 0          | FDRE/C                    | FDRE/D                  | rx_payload_bytes_r_reg[1]/C | key_cfg_r_reg[146]/D       |
| Path #12 | 5.714       | 5.568      | 1.338(25%)  | 4.230(75%) | -0.040     | 0.062 |                  | 8% x 2%           | (0, 0)                | 0         | 0           | 0               | 0                  | Safely Timed       | 1           | 6            | NA     | FDRE/C-(6)-LUT6-(2)-LUT6-(1)-LUT6-(2)-LUT5-(128)-LUT5-(1)-LUT4-(1)-FDRE/D | core_clk_raw      | core_clk_raw    | None      | None | 0            | 0                | 0             | 0       | 128         | 141               | 0          | 0          | FDRE/C                    | FDRE/D                  | rx_payload_bytes_r_reg[1]/C | key_cfg_r_reg[210]/D       |
| Path #13 | 5.714       | 5.257      | 0.952(19%)  | 4.305(81%) | -0.113     | 0.065 |                  | 12% x 9%          | (1, 0)                | 0         | 0           | 0               | 0                  | Safely Timed       | 1           | 4            | NA     | FDRE/C-(52)-LUT2-(19)-LUT6-(1)-LUT5-(13)-LUT6-(140)-FDRE/CE               | core_clk_raw      | core_clk_raw    | None      | None | 0            | 0                | 0             | 0       | 140         | 225               | 0          | 0          | FDRE/C                    | FDRE/CE                 | abort_queue_clear_reg/C     | dataq0_block_r_reg[100]/CE |
| Path #14 | 5.714       | 5.292      | 0.952(18%)  | 4.340(82%) | -0.113     | 0.065 |                  | 14% x 7%          | (1, 0)                | 0         | 0           | 0               | 0                  | Safely Timed       | 1           | 4            | NA     | FDRE/C-(52)-LUT2-(19)-LUT6-(1)-LUT5-(13)-LUT6-(140)-FDRE/CE               | core_clk_raw      | core_clk_raw    | None      | None | 0            | 0                | 0             | 0       | 140         | 225               | 0          | 0          | FDRE/C                    | FDRE/CE                 | abort_queue_clear_reg/C     | dataq0_block_r_reg[1]/CE   |
| Path #15 | 5.714       | 5.292      | 0.952(18%)  | 4.340(82%) | -0.113     | 0.065 |                  | 14% x 7%          | (1, 0)                | 0         | 0           | 0               | 0                  | Safely Timed       | 1           | 4            | NA     | FDRE/C-(52)-LUT2-(19)-LUT6-(1)-LUT5-(13)-LUT6-(140)-FDRE/CE               | core_clk_raw      | core_clk_raw    | None      | None | 0            | 0                | 0             | 0       | 140         | 225               | 0          | 0          | FDRE/C                    | FDRE/CE                 | abort_queue_clear_reg/C     | dataq0_block_r_reg[44]/CE  |
| Path #16 | 5.714       | 5.292      | 0.952(18%)  | 4.340(82%) | -0.113     | 0.065 |                  | 14% x 7%          | (1, 0)                | 0         | 0           | 0               | 0                  | Safely Timed       | 1           | 4            | NA     | FDRE/C-(52)-LUT2-(19)-LUT6-(1)-LUT5-(13)-LUT6-(140)-FDRE/CE               | core_clk_raw      | core_clk_raw    | None      | None | 0            | 0                | 0             | 0       | 140         | 225               | 0          | 0          | FDRE/C                    | FDRE/CE                 | abort_queue_clear_reg/C     | dataq0_block_r_reg[78]/CE  |
| Path #17 | 5.714       | 5.292      | 0.952(18%)  | 4.340(82%) | -0.113     | 0.065 |                  | 14% x 7%          | (1, 0)                | 0         | 0           | 0               | 0                  | Safely Timed       | 1           | 4            | NA     | FDRE/C-(52)-LUT2-(19)-LUT6-(1)-LUT5-(13)-LUT6-(140)-FDRE/CE               | core_clk_raw      | core_clk_raw    | None      | None | 0            | 0                | 0             | 0       | 140         | 225               | 0          | 0          | FDRE/C                    | FDRE/CE                 | abort_queue_clear_reg/C     | dataq0_block_r_reg[82]/CE  |
| Path #18 | 5.714       | 5.292      | 0.952(18%)  | 4.340(82%) | -0.113     | 0.065 |                  | 14% x 7%          | (1, 0)                | 0         | 0           | 0               | 0                  | Safely Timed       | 1           | 4            | NA     | FDRE/C-(52)-LUT2-(19)-LUT6-(1)-LUT5-(13)-LUT6-(140)-FDRE/CE               | core_clk_raw      | core_clk_raw    | None      | None | 0            | 0                | 0             | 0       | 140         | 225               | 0          | 0          | FDRE/C                    | FDRE/CE                 | abort_queue_clear_reg/C     | dataq0_block_r_reg[89]/CE  |
| Path #19 | 5.714       | 5.251      | 0.952(19%)  | 4.299(81%) | -0.118     | 0.066 |                  | 20% x 3%          | (1, 0)                | 0         | 0           | 0               | 0                  | Safely Timed       | 1           | 4            | NA     | FDRE/C-(52)-LUT2-(19)-LUT6-(1)-LUT5-(13)-LUT6-(140)-FDRE/CE               | core_clk_raw      | core_clk_raw    | None      | None | 0            | 0                | 0             | 0       | 140         | 225               | 0          | 0          | FDRE/C                    | FDRE/CE                 | abort_queue_clear_reg/C     | dataq0_block_r_reg[55]/CE  |
| Path #20 | 5.714       | 5.251      | 0.952(19%)  | 4.299(81%) | -0.118     | 0.066 |                  | 20% x 3%          | (1, 0)                | 0         | 0           | 0               | 0                  | Safely Timed       | 1           | 4            | NA     | FDRE/C-(52)-LUT2-(19)-LUT6-(1)-LUT5-(13)-LUT6-(140)-FDRE/CE               | core_clk_raw      | core_clk_raw    | None      | None | 0            | 0                | 0             | 0       | 140         | 225               | 0          | 0          | FDRE/C                    | FDRE/CE                 | abort_queue_clear_reg/C     | dataq0_block_r_reg[63]/CE  |
+----------+-------------+------------+-------------+------------+------------+-------+------------------+-------------------+-----------------------+-----------+-------------+-----------------+--------------------+--------------------+-------------+--------------+--------+---------------------------------------------------------------------------+-------------------+-----------------+-----------+------+--------------+------------------+---------------+---------+-------------+-------------------+------------+------------+---------------------------+-------------------------+-----------------------------+----------------------------+
* Bounding box calculated as % of dimensions for the target device (244, 400)


